// Validating benchmarks:
// ***** BenchmarkRunner: Start   *****
// ***** Found 2 benchmark(s) in total *****
// ***** Building 2 exe(s) in Parallel: Start   *****
// ***** Done, took 00:00:33 (33.64 sec)   *****
// Found 2 benchmarks:
//   P05_OptimizedDeepScan.FullPipelineScan: Job-WRIKEU(IterationCount=5, LaunchCount=1, WarmupCount=2)
//   P05_OptimizedDeepScan.FullPipelineScan: Job-OOTPKI(Toolchain=.NET 8.0)

Setup power plan (GUID: 8c5e7fda-e8bf-4a96-9a85-a6e23a8c635c FriendlyName: High performance)
// **************************
// Benchmark: P05_OptimizedDeepScan.FullPipelineScan: Job-WRIKEU(IterationCount=5, LaunchCount=1, WarmupCount=2)
// *** Execute ***
// Launch: 1 / 1
// Execute: dotnet UPA.Performance.Benchmarks-1.dll --anonymousPipes 2768 2364 --benchmarkName UPA.Performance.Benchmarks.Scenarios.P05_OptimizedDeepScan.FullPipelineScan --job "IterationCount=5, LaunchCount=1, WarmupCount=2" --benchmarkId 0 in D:\UPA-MVP1\verified9\tests\UPA.Performance.Benchmarks\bin\Release\net8.0\UPA.Performance.Benchmarks-1\bin\Release\net8.0
// BeforeAnythingElse

// Benchmark Process Environment Information:
// BenchmarkDotNet v0.15.8
// Runtime=.NET 8.0.30 (8.0.30, 8.0.3026.36720), X64 RyuJIT x86-64-v3
// GC=Concurrent Workstation
// HardwareIntrinsics=AVX2+BMI1+BMI2+F16C+FMA+LZCNT+MOVBE,AVX,SSE3+SSSE3+SSE4.1+SSE4.2+POPCNT,X86Base+SSE+SSE2,AES+PCLMUL VectorSize=256
// Job: Job-WRIKEU(IterationCount=5, LaunchCount=1, WarmupCount=2)

OverheadJitting  1: 1 op, 343800.00 ns, 343.8000 us/op
WorkloadJitting  1: 1 op, 3945808400.00 ns, 3.9458 s/op

OverheadJitting  2: 1 op, 700.00 ns, 700.0000 ns/op
WorkloadJitting  2: 1 op, 1218660700.00 ns, 1.2187 s/op

WorkloadWarmup   1: 1 op, 1118409500.00 ns, 1.1184 s/op
WorkloadWarmup   2: 1 op, 1057648800.00 ns, 1.0576 s/op

// BeforeActualRun
WorkloadActual   1: 1 op, 1054174100.00 ns, 1.0542 s/op
WorkloadActual   2: 1 op, 1037635200.00 ns, 1.0376 s/op
WorkloadActual   3: 1 op, 1030631200.00 ns, 1.0306 s/op
WorkloadActual   4: 1 op, 1059035200.00 ns, 1.0590 s/op
WorkloadActual   5: 1 op, 1057311200.00 ns, 1.0573 s/op

// AfterActualRun
WorkloadResult   1: 1 op, 1054174100.00 ns, 1.0542 s/op
WorkloadResult   2: 1 op, 1037635200.00 ns, 1.0376 s/op
WorkloadResult   3: 1 op, 1030631200.00 ns, 1.0306 s/op
WorkloadResult   4: 1 op, 1059035200.00 ns, 1.0590 s/op
WorkloadResult   5: 1 op, 1057311200.00 ns, 1.0573 s/op
// GC:  28 7 1 165490296 1
// Threading:  0 0 1

// AfterAll
// Benchmark Process 20220 has exited with code 0.

Mean = 1.048 s, StdErr = 0.006 s (0.55%), N = 5, StdDev = 0.013 s
Min = 1.031 s, Q1 = 1.038 s, Median = 1.054 s, Q3 = 1.057 s, Max = 1.059 s
IQR = 0.020 s, LowerFence = 1.008 s, UpperFence = 1.087 s
ConfidenceInterval = [0.998 s; 1.097 s] (CI 99.9%), Margin = 0.049 s (4.70% of Mean)
Skewness = -0.33, Kurtosis = 0.91, MValue = 2

// ** Remained 1 (50.0%) benchmark(s) to run. Estimated finish 2026-08-19 21:18 (0h 0m from now) **
Setup power plan (GUID: 8c5e7fda-e8bf-4a96-9a85-a6e23a8c635c FriendlyName: High performance)
// **************************
// Benchmark: P05_OptimizedDeepScan.FullPipelineScan: Job-OOTPKI(Toolchain=.NET 8.0)
// *** Execute ***
// Launch: 1 / 1
// Execute: D:\dotnet\dotnet.exe UPA.Performance.Benchmarks-2.dll --anonymousPipes 2720 3584 --benchmarkName UPA.Performance.Benchmarks.Scenarios.P05_OptimizedDeepScan.FullPipelineScan --job "Toolchain=.NET 8.0" --benchmarkId 0 in D:\UPA-MVP1\verified9\tests\UPA.Performance.Benchmarks\bin\Release\net8.0\UPA.Performance.Benchmarks-2\bin\Release\net8.0
// BeforeAnythingElse

// Benchmark Process Environment Information:
// BenchmarkDotNet v0.15.8
// Runtime=.NET 8.0.30 (8.0.30, 8.0.3026.36720), X64 RyuJIT x86-64-v3
// GC=Concurrent Workstation
// HardwareIntrinsics=AVX2+BMI1+BMI2+F16C+FMA+LZCNT+MOVBE,AVX,SSE3+SSSE3+SSE4.1+SSE4.2+POPCNT,X86Base+SSE+SSE2,AES+PCLMUL VectorSize=256
// Job: DefaultJob

OverheadJitting  1: 1 op, 342000.00 ns, 342.0000 us/op
WorkloadJitting  1: 1 op, 3796673600.00 ns, 3.7967 s/op

OverheadJitting  2: 1 op, 500.00 ns, 500.0000 ns/op
WorkloadJitting  2: 1 op, 1170204200.00 ns, 1.1702 s/op

WorkloadWarmup   1: 1 op, 1049584900.00 ns, 1.0496 s/op
WorkloadWarmup   2: 1 op, 1036332300.00 ns, 1.0363 s/op
WorkloadWarmup   3: 1 op, 1057849000.00 ns, 1.0578 s/op
WorkloadWarmup   4: 1 op, 1053950200.00 ns, 1.0540 s/op
WorkloadWarmup   5: 1 op, 1054925400.00 ns, 1.0549 s/op
WorkloadWarmup   6: 1 op, 1028976700.00 ns, 1.0290 s/op

// BeforeActualRun
WorkloadActual   1: 1 op, 1058537300.00 ns, 1.0585 s/op
WorkloadActual   2: 1 op, 1051183800.00 ns, 1.0512 s/op
WorkloadActual   3: 1 op, 1060686600.00 ns, 1.0607 s/op
WorkloadActual   4: 1 op, 1032523900.00 ns, 1.0325 s/op
WorkloadActual   5: 1 op, 1047727000.00 ns, 1.0477 s/op
WorkloadActual   6: 1 op, 1081665600.00 ns, 1.0817 s/op
WorkloadActual   7: 1 op, 1064277700.00 ns, 1.0643 s/op
WorkloadActual   8: 1 op, 1062074600.00 ns, 1.0621 s/op
WorkloadActual   9: 1 op, 1023629900.00 ns, 1.0236 s/op
WorkloadActual  10: 1 op, 1086354300.00 ns, 1.0864 s/op
WorkloadActual  11: 1 op, 1054783100.00 ns, 1.0548 s/op
WorkloadActual  12: 1 op, 1059502700.00 ns, 1.0595 s/op
WorkloadActual  13: 1 op, 1053837100.00 ns, 1.0538 s/op
WorkloadActual  14: 1 op, 1038720300.00 ns, 1.0387 s/op
WorkloadActual  15: 1 op, 1065575100.00 ns, 1.0656 s/op

// AfterActualRun
WorkloadResult   1: 1 op, 1058537300.00 ns, 1.0585 s/op
WorkloadResult   2: 1 op, 1051183800.00 ns, 1.0512 s/op
WorkloadResult   3: 1 op, 1060686600.00 ns, 1.0607 s/op
WorkloadResult   4: 1 op, 1032523900.00 ns, 1.0325 s/op
WorkloadResult   5: 1 op, 1047727000.00 ns, 1.0477 s/op
WorkloadResult   6: 1 op, 1081665600.00 ns, 1.0817 s/op
WorkloadResult   7: 1 op, 1064277700.00 ns, 1.0643 s/op
WorkloadResult   8: 1 op, 1062074600.00 ns, 1.0621 s/op
WorkloadResult   9: 1 op, 1023629900.00 ns, 1.0236 s/op
WorkloadResult  10: 1 op, 1054783100.00 ns, 1.0548 s/op
WorkloadResult  11: 1 op, 1059502700.00 ns, 1.0595 s/op
WorkloadResult  12: 1 op, 1053837100.00 ns, 1.0538 s/op
WorkloadResult  13: 1 op, 1038720300.00 ns, 1.0387 s/op
WorkloadResult  14: 1 op, 1065575100.00 ns, 1.0656 s/op
// GC:  29 8 2 165492032 1
// Threading:  0 0 1

// AfterAll
// Benchmark Process 3552 has exited with code 0.

Mean = 1.054 s, StdErr = 0.004 s (0.37%), N = 14, StdDev = 0.015 s
Min = 1.024 s, Q1 = 1.049 s, Median = 1.057 s, Q3 = 1.062 s, Max = 1.082 s
IQR = 0.013 s, LowerFence = 1.029 s, UpperFence = 1.081 s
ConfidenceInterval = [1.037 s; 1.071 s] (CI 99.9%), Margin = 0.017 s (1.58% of Mean)
Skewness = -0.36, Kurtosis = 2.62, MValue = 2

// ** Remained 0 (0.0%) benchmark(s) to run. Estimated finish 2026-08-19 21:18 (0h 0m from now) **
Successfully reverted power plan (GUID: 381b4222-f694-41f0-9685-ff5bb260df2e FriendlyName: Balanced)
// ***** BenchmarkRunner: Finish  *****

// * Export *
  BenchmarkDotNet.Artifacts\results\UPA.Performance.Benchmarks.Scenarios.P05_OptimizedDeepScan-report.csv
  BenchmarkDotNet.Artifacts\results\UPA.Performance.Benchmarks.Scenarios.P05_OptimizedDeepScan-report-github.md
  BenchmarkDotNet.Artifacts\results\UPA.Performance.Benchmarks.Scenarios.P05_OptimizedDeepScan-report.html

// * Detailed results *
P05_OptimizedDeepScan.FullPipelineScan: Job-WRIKEU(IterationCount=5, LaunchCount=1, WarmupCount=2)
Runtime = .NET 8.0.30 (8.0.30, 8.0.3026.36720), X64 RyuJIT x86-64-v3; GC = Concurrent Workstation
Mean = 1.048 s, StdErr = 0.006 s (0.55%), N = 5, StdDev = 0.013 s
Min = 1.031 s, Q1 = 1.038 s, Median = 1.054 s, Q3 = 1.057 s, Max = 1.059 s
IQR = 0.020 s, LowerFence = 1.008 s, UpperFence = 1.087 s
ConfidenceInterval = [0.998 s; 1.097 s] (CI 99.9%), Margin = 0.049 s (4.70% of Mean)
Skewness = -0.33, Kurtosis = 0.91, MValue = 2
-------------------- Histogram --------------------
[1.024 s ; 1.046 s) | @@
[1.046 s ; 1.069 s) | @@@
---------------------------------------------------

P05_OptimizedDeepScan.FullPipelineScan: Job-OOTPKI(Toolchain=.NET 8.0)
Runtime = .NET 8.0.30 (8.0.30, 8.0.3026.36720), X64 RyuJIT x86-64-v3; GC = Concurrent Workstation
Mean = 1.054 s, StdErr = 0.004 s (0.37%), N = 14, StdDev = 0.015 s
Min = 1.024 s, Q1 = 1.049 s, Median = 1.057 s, Q3 = 1.062 s, Max = 1.082 s
IQR = 0.013 s, LowerFence = 1.029 s, UpperFence = 1.081 s
ConfidenceInterval = [1.037 s; 1.071 s] (CI 99.9%), Margin = 0.017 s (1.58% of Mean)
Skewness = -0.36, Kurtosis = 2.62, MValue = 2
-------------------- Histogram --------------------
[1.021 s ; 1.048 s) | @@@@
[1.048 s ; 1.090 s) | @@@@@@@@@@
---------------------------------------------------

// * Summary *

BenchmarkDotNet v0.15.8, Windows 10 (10.0.19045.6456/22H2/2022Update)
Intel Core i5-8350U CPU 1.70GHz (Max: 1.90GHz) (Kaby Lake R), 1 CPU, 8 logical and 4 physical cores
.NET SDK 8.0.424
  [Host]     : .NET 8.0.30 (8.0.30, 8.0.3026.36720), X64 RyuJIT x86-64-v3
  Job-WRIKEU : .NET 8.0.30 (8.0.30, 8.0.3026.36720), X64 RyuJIT x86-64-v3
  Job-OOTPKI : .NET 8.0.30 (8.0.30, 8.0.3026.36720), X64 RyuJIT x86-64-v3


| Method           | Job        | Toolchain | IterationCount | LaunchCount | WarmupCount | Mean    | Error    | StdDev   | Gen0       | Gen1      | Gen2      | Allocated |
|----------------- |----------- |---------- |--------------- |------------ |------------ |--------:|---------:|---------:|-----------:|----------:|----------:|----------:|
| FullPipelineScan | Job-WRIKEU | Default   | 5              | 1           | 2           | 1.048 s | 0.0493 s | 0.0128 s | 28000.0000 | 7000.0000 | 1000.0000 | 157.82 MB |
| FullPipelineScan | Job-OOTPKI | .NET 8.0  | Default        | Default     | Default     | 1.054 s | 0.0166 s | 0.0148 s | 29000.0000 | 8000.0000 | 2000.0000 | 157.83 MB |

// * Hints *
Outliers
  P05_OptimizedDeepScan.FullPipelineScan: Toolchain=.NET 8.0 -> 1 outlier  was  removed, 2 outliers were detected (1.02 s, 1.09 s)

// * Legends *
  Mean      : Arithmetic mean of all measurements
  Error     : Half of 99.9% confidence interval
  StdDev    : Standard deviation of all measurements
  Gen0      : GC Generation 0 collects per 1000 operations
  Gen1      : GC Generation 1 collects per 1000 operations
  Gen2      : GC Generation 2 collects per 1000 operations
  Allocated : Allocated memory per single operation (managed only, inclusive, 1KB = 1024B)
  1 s       : 1 Second (1 sec)

// * Diagnostic Output - MemoryDiagnoser *


// ***** BenchmarkRunner: End *****
Run time: 00:01:37 (97.63 sec), executed benchmarks: 2

Global total time: 00:02:12 (132.51 sec), executed benchmarks: 2
// * Artifacts cleanup *
Artifacts cleanup is finished
