// Validating benchmarks:
// ***** BenchmarkRunner: Start   *****
// ***** Found 2 benchmark(s) in total *****
// ***** Building 1 exe(s) in Parallel: Start   *****
// start dotnet  restore --nodeReuse:false /p:UseSharedCompilation=false /p:Deterministic=true /p:Optimize=true /p:ArtifactsPath="D:\UPA-MVP1\verified9\tests\UPA.Performance.Benchmarks\bin\Release\net8.0\UPA.Performance.Benchmarks-1/" /p:OutDir="D:\UPA-MVP1\verified9\tests\UPA.Performance.Benchmarks\bin\Release\net8.0\UPA.Performance.Benchmarks-1\bin\Release\net8.0/" /p:OutputPath="D:\UPA-MVP1\verified9\tests\UPA.Performance.Benchmarks\bin\Release\net8.0\UPA.Performance.Benchmarks-1\bin\Release\net8.0/" /p:PublishDir="D:\UPA-MVP1\verified9\tests\UPA.Performance.Benchmarks\bin\Release\net8.0\UPA.Performance.Benchmarks-1\publish/" in D:\UPA-MVP1\verified9\tests\UPA.Performance.Benchmarks\bin\Release\net8.0\UPA.Performance.Benchmarks-1
// command took 2.72 sec and exited with 0
// start dotnet  build -c Release --no-restore --nodeReuse:false /p:UseSharedCompilation=false /p:Deterministic=true /p:Optimize=true /p:ArtifactsPath="D:\UPA-MVP1\verified9\tests\UPA.Performance.Benchmarks\bin\Release\net8.0\UPA.Performance.Benchmarks-1/" /p:OutDir="D:\UPA-MVP1\verified9\tests\UPA.Performance.Benchmarks\bin\Release\net8.0\UPA.Performance.Benchmarks-1\bin\Release\net8.0/" /p:OutputPath="D:\UPA-MVP1\verified9\tests\UPA.Performance.Benchmarks\bin\Release\net8.0\UPA.Performance.Benchmarks-1\bin\Release\net8.0/" /p:PublishDir="D:\UPA-MVP1\verified9\tests\UPA.Performance.Benchmarks\bin\Release\net8.0\UPA.Performance.Benchmarks-1\publish/" --output "D:\UPA-MVP1\verified9\tests\UPA.Performance.Benchmarks\bin\Release\net8.0\UPA.Performance.Benchmarks-1\bin\Release\net8.0/" in D:\UPA-MVP1\verified9\tests\UPA.Performance.Benchmarks\bin\Release\net8.0\UPA.Performance.Benchmarks-1
// command took 16.47 sec and exited with 0
// ***** Done, took 00:00:19 (19.31 sec)   *****
// Found 2 benchmarks:
//   P01_P02_StartupIdleBenchmarks.P01_Baseline_Idle: Job-IJPESX(IterationCount=5, LaunchCount=1, WarmupCount=3)
//   P01_P02_StartupIdleBenchmarks.P02_UPA_Initialized_Idle: Job-IJPESX(IterationCount=5, LaunchCount=1, WarmupCount=3)

Setup power plan (GUID: 8c5e7fda-e8bf-4a96-9a85-a6e23a8c635c FriendlyName: High performance)
// **************************
// Benchmark: P01_P02_StartupIdleBenchmarks.P01_Baseline_Idle: Job-IJPESX(IterationCount=5, LaunchCount=1, WarmupCount=3)
// *** Execute ***
// Launch: 1 / 1
// Execute: dotnet UPA.Performance.Benchmarks-1.dll --anonymousPipes 1612 1620 --benchmarkName UPA.Performance.Benchmarks.Scenarios.P01_P02_StartupIdleBenchmarks.P01_Baseline_Idle --job "IterationCount=5, LaunchCount=1, WarmupCount=3" --benchmarkId 0 in D:\UPA-MVP1\verified9\tests\UPA.Performance.Benchmarks\bin\Release\net8.0\UPA.Performance.Benchmarks-1\bin\Release\net8.0
// BeforeAnythingElse

// Benchmark Process Environment Information:
// BenchmarkDotNet v0.15.8
// Runtime=.NET 8.0.30 (8.0.30, 8.0.3026.36720), X64 RyuJIT x86-64-v3
// GC=Concurrent Workstation
// HardwareIntrinsics=AVX2+BMI1+BMI2+F16C+FMA+LZCNT+MOVBE,AVX,SSE3+SSSE3+SSE4.1+SSE4.2+POPCNT,X86Base+SSE+SSE2,AES+PCLMUL VectorSize=256
// Job: Job-IJPESX(IterationCount=5, LaunchCount=1, WarmupCount=3)

OverheadJitting  1: 1 op, 206400.00 ns, 206.4000 us/op
WorkloadJitting  1: 1 op, 295000.00 ns, 295.0000 us/op

OverheadJitting  2: 16 op, 452300.00 ns, 28.2688 us/op
WorkloadJitting  2: 16 op, 759800.00 ns, 47.4875 us/op

WorkloadPilot    1: 16 op, 123800.00 ns, 7.7375 us/op
WorkloadPilot    2: 32 op, 186600.00 ns, 5.8313 us/op
WorkloadPilot    3: 64 op, 305900.00 ns, 4.7797 us/op
WorkloadPilot    4: 128 op, 558700.00 ns, 4.3648 us/op
WorkloadPilot    5: 256 op, 1690600.00 ns, 6.6039 us/op
WorkloadPilot    6: 512 op, 3913500.00 ns, 7.6436 us/op
WorkloadPilot    7: 1024 op, 8846600.00 ns, 8.6393 us/op
WorkloadPilot    8: 2048 op, 11166300.00 ns, 5.4523 us/op
WorkloadPilot    9: 4096 op, 20429700.00 ns, 4.9877 us/op
WorkloadPilot   10: 8192 op, 35883700.00 ns, 4.3803 us/op
WorkloadPilot   11: 16384 op, 70147100.00 ns, 4.2814 us/op
WorkloadPilot   12: 32768 op, 9974800.00 ns, 304.4067 ns/op
WorkloadPilot   13: 65536 op, 19131900.00 ns, 291.9296 ns/op
WorkloadPilot   14: 131072 op, 48179900.00 ns, 367.5835 ns/op
WorkloadPilot   15: 262144 op, 89125800.00 ns, 339.9879 ns/op
WorkloadPilot   16: 524288 op, 178661800.00 ns, 340.7703 ns/op
WorkloadPilot   17: 1048576 op, 357160500.00 ns, 340.6148 ns/op
WorkloadPilot   18: 2097152 op, 701091200.00 ns, 334.3063 ns/op

OverheadWarmup   1: 2097152 op, 5152000.00 ns, 2.4567 ns/op
OverheadWarmup   2: 2097152 op, 5171800.00 ns, 2.4661 ns/op
OverheadWarmup   3: 2097152 op, 5328100.00 ns, 2.5406 ns/op
OverheadWarmup   4: 2097152 op, 5531000.00 ns, 2.6374 ns/op
OverheadWarmup   5: 2097152 op, 5248200.00 ns, 2.5025 ns/op
OverheadWarmup   6: 2097152 op, 5268000.00 ns, 2.5120 ns/op
OverheadWarmup   7: 2097152 op, 5424000.00 ns, 2.5864 ns/op
OverheadWarmup   8: 2097152 op, 5420500.00 ns, 2.5847 ns/op

OverheadActual   1: 2097152 op, 5391800.00 ns, 2.5710 ns/op
OverheadActual   2: 2097152 op, 7883100.00 ns, 3.7590 ns/op
OverheadActual   3: 2097152 op, 6386700.00 ns, 3.0454 ns/op
OverheadActual   4: 2097152 op, 6091100.00 ns, 2.9045 ns/op
OverheadActual   5: 2097152 op, 5215400.00 ns, 2.4869 ns/op
OverheadActual   6: 2097152 op, 5236200.00 ns, 2.4968 ns/op
OverheadActual   7: 2097152 op, 5333200.00 ns, 2.5431 ns/op
OverheadActual   8: 2097152 op, 5242000.00 ns, 2.4996 ns/op
OverheadActual   9: 2097152 op, 5129000.00 ns, 2.4457 ns/op
OverheadActual  10: 2097152 op, 5118300.00 ns, 2.4406 ns/op
OverheadActual  11: 2097152 op, 5306700.00 ns, 2.5304 ns/op
OverheadActual  12: 2097152 op, 5555100.00 ns, 2.6489 ns/op
OverheadActual  13: 2097152 op, 5132600.00 ns, 2.4474 ns/op
OverheadActual  14: 2097152 op, 5035700.00 ns, 2.4012 ns/op
OverheadActual  15: 2097152 op, 6572400.00 ns, 3.1340 ns/op
OverheadActual  16: 2097152 op, 8458100.00 ns, 4.0331 ns/op
OverheadActual  17: 2097152 op, 7076500.00 ns, 3.3743 ns/op
OverheadActual  18: 2097152 op, 5856300.00 ns, 2.7925 ns/op
OverheadActual  19: 2097152 op, 5650500.00 ns, 2.6944 ns/op
OverheadActual  20: 2097152 op, 5529300.00 ns, 2.6366 ns/op

WorkloadWarmup   1: 2097152 op, 720463200.00 ns, 343.5436 ns/op
WorkloadWarmup   2: 2097152 op, 717648000.00 ns, 342.2012 ns/op
WorkloadWarmup   3: 2097152 op, 694542200.00 ns, 331.1835 ns/op

// BeforeActualRun
WorkloadActual   1: 2097152 op, 815588400.00 ns, 388.9029 ns/op
WorkloadActual   2: 2097152 op, 801780300.00 ns, 382.3186 ns/op
WorkloadActual   3: 2097152 op, 899240900.00 ns, 428.7915 ns/op
WorkloadActual   4: 2097152 op, 864812700.00 ns, 412.3748 ns/op
WorkloadActual   5: 2097152 op, 1025136400.00 ns, 488.8231 ns/op

// AfterActualRun
WorkloadResult   1: 2097152 op, 810127850.00 ns, 386.2991 ns/op
WorkloadResult   2: 2097152 op, 796319750.00 ns, 379.7148 ns/op
WorkloadResult   3: 2097152 op, 893780350.00 ns, 426.1877 ns/op
WorkloadResult   4: 2097152 op, 859352150.00 ns, 409.7710 ns/op
// GC:  0 0 0 0 2097152
// Threading:  0 0 2097152

// AfterAll
// Benchmark Process 18700 has exited with code 0.

Mean = 400.493 ns, StdErr = 10.722 ns (2.68%), N = 4, StdDev = 21.444 ns
Min = 379.715 ns, Q1 = 384.653 ns, Median = 398.035 ns, Q3 = 413.875 ns, Max = 426.188 ns
IQR = 29.222 ns, LowerFence = 340.820 ns, UpperFence = 457.708 ns
ConfidenceInterval = [261.924 ns; 539.062 ns] (CI 99.9%), Margin = 138.569 ns (34.60% of Mean)
Skewness = 0.15, Kurtosis = 0.79, MValue = 2

// ** Remained 1 (50.0%) benchmark(s) to run. Estimated finish 2026-08-19 19:30 (0h 0m from now) **
Setup power plan (GUID: 8c5e7fda-e8bf-4a96-9a85-a6e23a8c635c FriendlyName: High performance)
// **************************
// Benchmark: P01_P02_StartupIdleBenchmarks.P02_UPA_Initialized_Idle: Job-IJPESX(IterationCount=5, LaunchCount=1, WarmupCount=3)
// *** Execute ***
// Launch: 1 / 1
// Execute: dotnet UPA.Performance.Benchmarks-1.dll --anonymousPipes 1600 1644 --benchmarkName UPA.Performance.Benchmarks.Scenarios.P01_P02_StartupIdleBenchmarks.P02_UPA_Initialized_Idle --job "IterationCount=5, LaunchCount=1, WarmupCount=3" --benchmarkId 1 in D:\UPA-MVP1\verified9\tests\UPA.Performance.Benchmarks\bin\Release\net8.0\UPA.Performance.Benchmarks-1\bin\Release\net8.0
// BeforeAnythingElse

// Benchmark Process Environment Information:
// BenchmarkDotNet v0.15.8
// Runtime=.NET 8.0.30 (8.0.30, 8.0.3026.36720), X64 RyuJIT x86-64-v3
// GC=Concurrent Workstation
// HardwareIntrinsics=AVX2+BMI1+BMI2+F16C+FMA+LZCNT+MOVBE,AVX,SSE3+SSSE3+SSE4.1+SSE4.2+POPCNT,X86Base+SSE+SSE2,AES+PCLMUL VectorSize=256
// Job: Job-IJPESX(IterationCount=5, LaunchCount=1, WarmupCount=3)

OverheadJitting  1: 1 op, 264100.00 ns, 264.1000 us/op
WorkloadJitting  1: 1 op, 1998000.00 ns, 1.9980 ms/op

OverheadJitting  2: 16 op, 643400.00 ns, 40.2125 us/op
WorkloadJitting  2: 16 op, 1155900.00 ns, 72.2438 us/op

WorkloadPilot    1: 16 op, 179800.00 ns, 11.2375 us/op
WorkloadPilot    2: 32 op, 289600.00 ns, 9.0500 us/op
WorkloadPilot    3: 64 op, 467100.00 ns, 7.2984 us/op
WorkloadPilot    4: 128 op, 861100.00 ns, 6.7273 us/op
WorkloadPilot    5: 256 op, 1610100.00 ns, 6.2895 us/op
WorkloadPilot    6: 512 op, 3639300.00 ns, 7.1080 us/op
WorkloadPilot    7: 1024 op, 6470700.00 ns, 6.3190 us/op
WorkloadPilot    8: 2048 op, 11835800.00 ns, 5.7792 us/op
WorkloadPilot    9: 4096 op, 37346700.00 ns, 9.1178 us/op
WorkloadPilot   10: 8192 op, 54147500.00 ns, 6.6098 us/op
WorkloadPilot   11: 16384 op, 39994000.00 ns, 2.4410 us/op
WorkloadPilot   12: 32768 op, 25962600.00 ns, 792.3157 ns/op
WorkloadPilot   13: 65536 op, 31082400.00 ns, 474.2798 ns/op
WorkloadPilot   14: 131072 op, 75857500.00 ns, 578.7468 ns/op
WorkloadPilot   15: 262144 op, 140114200.00 ns, 534.4933 ns/op
WorkloadPilot   16: 524288 op, 273352900.00 ns, 521.3793 ns/op
WorkloadPilot   17: 1048576 op, 543081300.00 ns, 517.9227 ns/op

OverheadWarmup   1: 1048576 op, 3758900.00 ns, 3.5848 ns/op
OverheadWarmup   2: 1048576 op, 4529300.00 ns, 4.3195 ns/op
OverheadWarmup   3: 1048576 op, 4867900.00 ns, 4.6424 ns/op
OverheadWarmup   4: 1048576 op, 4787700.00 ns, 4.5659 ns/op
OverheadWarmup   5: 1048576 op, 4406400.00 ns, 4.2023 ns/op
OverheadWarmup   6: 1048576 op, 3533500.00 ns, 3.3698 ns/op
OverheadWarmup   7: 1048576 op, 3338400.00 ns, 3.1837 ns/op
OverheadWarmup   8: 1048576 op, 3360100.00 ns, 3.2044 ns/op
OverheadWarmup   9: 1048576 op, 3436100.00 ns, 3.2769 ns/op
OverheadWarmup  10: 1048576 op, 3469300.00 ns, 3.3086 ns/op

OverheadActual   1: 1048576 op, 3393200.00 ns, 3.2360 ns/op
OverheadActual   2: 1048576 op, 3373000.00 ns, 3.2167 ns/op
OverheadActual   3: 1048576 op, 3365800.00 ns, 3.2099 ns/op
OverheadActual   4: 1048576 op, 3406000.00 ns, 3.2482 ns/op
OverheadActual   5: 1048576 op, 3388900.00 ns, 3.2319 ns/op
OverheadActual   6: 1048576 op, 3404600.00 ns, 3.2469 ns/op
OverheadActual   7: 1048576 op, 3358800.00 ns, 3.2032 ns/op
OverheadActual   8: 1048576 op, 3368800.00 ns, 3.2127 ns/op
OverheadActual   9: 1048576 op, 3375400.00 ns, 3.2190 ns/op
OverheadActual  10: 1048576 op, 4403900.00 ns, 4.1999 ns/op
OverheadActual  11: 1048576 op, 4724600.00 ns, 4.5057 ns/op
OverheadActual  12: 1048576 op, 4660700.00 ns, 4.4448 ns/op
OverheadActual  13: 1048576 op, 4768500.00 ns, 4.5476 ns/op
OverheadActual  14: 1048576 op, 3645100.00 ns, 3.4762 ns/op
OverheadActual  15: 1048576 op, 3444400.00 ns, 3.2848 ns/op
OverheadActual  16: 1048576 op, 3479700.00 ns, 3.3185 ns/op
OverheadActual  17: 1048576 op, 3481800.00 ns, 3.3205 ns/op

WorkloadWarmup   1: 1048576 op, 554104900.00 ns, 528.4356 ns/op
WorkloadWarmup   2: 1048576 op, 559390300.00 ns, 533.4762 ns/op
WorkloadWarmup   3: 1048576 op, 523915000.00 ns, 499.6443 ns/op

// BeforeActualRun
WorkloadActual   1: 1048576 op, 525872000.00 ns, 501.5106 ns/op
WorkloadActual   2: 1048576 op, 504371400.00 ns, 481.0061 ns/op
WorkloadActual   3: 1048576 op, 505213100.00 ns, 481.8088 ns/op
WorkloadActual   4: 1048576 op, 534179700.00 ns, 509.4335 ns/op
WorkloadActual   5: 1048576 op, 518248600.00 ns, 494.2404 ns/op

// AfterActualRun
WorkloadResult   1: 1048576 op, 522466000.00 ns, 498.2624 ns/op
WorkloadResult   2: 1048576 op, 500965400.00 ns, 477.7578 ns/op
WorkloadResult   3: 1048576 op, 501807100.00 ns, 478.5605 ns/op
WorkloadResult   4: 1048576 op, 530773700.00 ns, 506.1852 ns/op
WorkloadResult   5: 1048576 op, 514842600.00 ns, 490.9922 ns/op
// GC:  74 0 0 234881024 1048576
// Threading:  0 0 1048576

// AfterAll
// Benchmark Process 7564 has exited with code 0.

Mean = 490.352 ns, StdErr = 5.529 ns (1.13%), N = 5, StdDev = 12.363 ns
Min = 477.758 ns, Q1 = 478.561 ns, Median = 490.992 ns, Q3 = 498.262 ns, Max = 506.185 ns
IQR = 19.702 ns, LowerFence = 449.008 ns, UpperFence = 527.815 ns
ConfidenceInterval = [442.748 ns; 537.955 ns] (CI 99.9%), Margin = 47.604 ns (9.71% of Mean)
Skewness = 0.09, Kurtosis = 0.95, MValue = 2

// ** Remained 0 (0.0%) benchmark(s) to run. Estimated finish 2026-08-19 19:30 (0h 0m from now) **
Successfully reverted power plan (GUID: 381b4222-f694-41f0-9685-ff5bb260df2e FriendlyName: Balanced)
// ***** BenchmarkRunner: Finish  *****

// * Export *
  BenchmarkDotNet.Artifacts\results\UPA.Performance.Benchmarks.Scenarios.P01_P02_StartupIdleBenchmarks-report.csv
  BenchmarkDotNet.Artifacts\results\UPA.Performance.Benchmarks.Scenarios.P01_P02_StartupIdleBenchmarks-report-github.md
  BenchmarkDotNet.Artifacts\results\UPA.Performance.Benchmarks.Scenarios.P01_P02_StartupIdleBenchmarks-report.html

// * Detailed results *
P01_P02_StartupIdleBenchmarks.P01_Baseline_Idle: Job-IJPESX(IterationCount=5, LaunchCount=1, WarmupCount=3)
Runtime = .NET 8.0.30 (8.0.30, 8.0.3026.36720), X64 RyuJIT x86-64-v3; GC = Concurrent Workstation
Mean = 400.493 ns, StdErr = 10.722 ns (2.68%), N = 4, StdDev = 21.444 ns
Min = 379.715 ns, Q1 = 384.653 ns, Median = 398.035 ns, Q3 = 413.875 ns, Max = 426.188 ns
IQR = 29.222 ns, LowerFence = 340.820 ns, UpperFence = 457.708 ns
ConfidenceInterval = [261.924 ns; 539.062 ns] (CI 99.9%), Margin = 138.569 ns (34.60% of Mean)
Skewness = 0.15, Kurtosis = 0.79, MValue = 2
-------------------- Histogram --------------------
[377.013 ns ; 412.473 ns) | @@@
[412.473 ns ; 443.918 ns) | @
---------------------------------------------------

P01_P02_StartupIdleBenchmarks.P02_UPA_Initialized_Idle: Job-IJPESX(IterationCount=5, LaunchCount=1, WarmupCount=3)
Runtime = .NET 8.0.30 (8.0.30, 8.0.3026.36720), X64 RyuJIT x86-64-v3; GC = Concurrent Workstation
Mean = 490.352 ns, StdErr = 5.529 ns (1.13%), N = 5, StdDev = 12.363 ns
Min = 477.758 ns, Q1 = 478.561 ns, Median = 490.992 ns, Q3 = 498.262 ns, Max = 506.185 ns
IQR = 19.702 ns, LowerFence = 449.008 ns, UpperFence = 527.815 ns
ConfidenceInterval = [442.748 ns; 537.955 ns] (CI 99.9%), Margin = 47.604 ns (9.71% of Mean)
Skewness = 0.09, Kurtosis = 0.95, MValue = 2
-------------------- Histogram --------------------
[474.886 ns ; 493.864 ns) | @@@
[493.864 ns ; 515.674 ns) | @@
---------------------------------------------------

// * Summary *

BenchmarkDotNet v0.15.8, Windows 10 (10.0.19045.6456/22H2/2022Update)
Intel Core i5-8350U CPU 1.70GHz (Max: 1.90GHz) (Kaby Lake R), 1 CPU, 8 logical and 4 physical cores
.NET SDK 8.0.424
  [Host]     : .NET 8.0.30 (8.0.30, 8.0.3026.36720), X64 RyuJIT x86-64-v3
  Job-IJPESX : .NET 8.0.30 (8.0.30, 8.0.3026.36720), X64 RyuJIT x86-64-v3

IterationCount=5  LaunchCount=1  WarmupCount=3  

| Method                   | Mean     | Error     | StdDev   | Ratio | RatioSD | Gen0   | Allocated | Alloc Ratio |
|------------------------- |---------:|----------:|---------:|------:|--------:|-------:|----------:|------------:|
| P01_Baseline_Idle        | 400.5 ns | 138.57 ns | 21.44 ns |  1.00 |    0.07 |      - |         - |          NA |
| P02_UPA_Initialized_Idle | 490.4 ns |  47.60 ns | 12.36 ns |  1.23 |    0.06 | 0.0706 |     224 B |          NA |

// * Hints *
Outliers
  P01_P02_StartupIdleBenchmarks.P01_Baseline_Idle: IterationCount=5, LaunchCount=1, WarmupCount=3 -> 1 outlier  was  removed (488.82 ns)

// * Legends *
  Mean        : Arithmetic mean of all measurements
  Error       : Half of 99.9% confidence interval
  StdDev      : Standard deviation of all measurements
  Ratio       : Mean of the ratio distribution ([Current]/[Baseline])
  RatioSD     : Standard deviation of the ratio distribution ([Current]/[Baseline])
  Gen0        : GC Generation 0 collects per 1000 operations
  Allocated   : Allocated memory per single operation (managed only, inclusive, 1KB = 1024B)
  Alloc Ratio : Allocated memory ratio distribution ([Current]/[Baseline])
  1 ns        : 1 Nanosecond (0.000000001 sec)

// * Diagnostic Output - MemoryDiagnoser *


// ***** BenchmarkRunner: End *****
Run time: 00:00:16 (16.99 sec), executed benchmarks: 2

Global total time: 00:00:38 (38.06 sec), executed benchmarks: 2
// * Artifacts cleanup *
Artifacts cleanup is finished
