// Validating benchmarks:
// ***** BenchmarkRunner: Start   *****
// ***** Found 6 benchmark(s) in total *****
// ***** Building 2 exe(s) in Parallel: Start   *****
// ***** Done, took 00:00:41 (41.33 sec)   *****
// Found 6 benchmarks:
//   P03_05_ProjectScanBenchmarks.ScanProject: Job-IJPESX(IterationCount=5, LaunchCount=1, WarmupCount=3) [FileCount=10]
//   P03_05_ProjectScanBenchmarks.ScanProject: Job-OOTPKI(Toolchain=.NET 8.0) [FileCount=10]
//   P03_05_ProjectScanBenchmarks.ScanProject: Job-IJPESX(IterationCount=5, LaunchCount=1, WarmupCount=3) [FileCount=1000]
//   P03_05_ProjectScanBenchmarks.ScanProject: Job-OOTPKI(Toolchain=.NET 8.0) [FileCount=1000]
//   P03_05_ProjectScanBenchmarks.ScanProject: Job-IJPESX(IterationCount=5, LaunchCount=1, WarmupCount=3) [FileCount=10000]
//   P03_05_ProjectScanBenchmarks.ScanProject: Job-OOTPKI(Toolchain=.NET 8.0) [FileCount=10000]

Setup power plan (GUID: 8c5e7fda-e8bf-4a96-9a85-a6e23a8c635c FriendlyName: High performance)
// **************************
// Benchmark: P03_05_ProjectScanBenchmarks.ScanProject: Job-IJPESX(IterationCount=5, LaunchCount=1, WarmupCount=3) [FileCount=10]
// *** Execute ***
// Launch: 1 / 1
// Execute: dotnet UPA.Performance.Benchmarks-1.dll --anonymousPipes 2340 1904 --benchmarkName "UPA.Performance.Benchmarks.Scenarios.P03_05_ProjectScanBenchmarks.ScanProject(FileCount: 10)" --job "IterationCount=5, LaunchCount=1, WarmupCount=3" --benchmarkId 0 in D:\UPA-MVP1\verified9\tests\UPA.Performance.Benchmarks\bin\Release\net8.0\UPA.Performance.Benchmarks-1\bin\Release\net8.0
// BeforeAnythingElse

// Benchmark Process Environment Information:
// BenchmarkDotNet v0.15.8
// Runtime=.NET 8.0.30 (8.0.30, 8.0.3026.36720), X64 RyuJIT x86-64-v3
// GC=Concurrent Workstation
// HardwareIntrinsics=AVX2+BMI1+BMI2+F16C+FMA+LZCNT+MOVBE,AVX,SSE3+SSSE3+SSE4.1+SSE4.2+POPCNT,X86Base+SSE+SSE2,AES+PCLMUL VectorSize=256
// Job: Job-IJPESX(IterationCount=5, LaunchCount=1, WarmupCount=3)

OverheadJitting  1: 1 op, 256100.00 ns, 256.1000 us/op
WorkloadJitting  1: 1 op, 31534000.00 ns, 31.5340 ms/op

OverheadJitting  2: 16 op, 1028600.00 ns, 64.2875 us/op
WorkloadJitting  2: 16 op, 11964300.00 ns, 747.7688 us/op

WorkloadPilot    1: 16 op, 10251500.00 ns, 640.7188 us/op
WorkloadPilot    2: 32 op, 20132800.00 ns, 629.1500 us/op
WorkloadPilot    3: 64 op, 46888000.00 ns, 732.6250 us/op
WorkloadPilot    4: 128 op, 94263000.00 ns, 736.4297 us/op
WorkloadPilot    5: 256 op, 186123000.00 ns, 727.0430 us/op
WorkloadPilot    6: 512 op, 329840600.00 ns, 644.2199 us/op
WorkloadPilot    7: 1024 op, 657113800.00 ns, 641.7127 us/op

OverheadWarmup   1: 1024 op, 7600.00 ns, 7.4219 ns/op
OverheadWarmup   2: 1024 op, 6300.00 ns, 6.1523 ns/op
OverheadWarmup   3: 1024 op, 6200.00 ns, 6.0547 ns/op
OverheadWarmup   4: 1024 op, 20700.00 ns, 20.2148 ns/op
OverheadWarmup   5: 1024 op, 6200.00 ns, 6.0547 ns/op
OverheadWarmup   6: 1024 op, 6200.00 ns, 6.0547 ns/op
OverheadWarmup   7: 1024 op, 6400.00 ns, 6.2500 ns/op

OverheadActual   1: 1024 op, 6500.00 ns, 6.3477 ns/op
OverheadActual   2: 1024 op, 6400.00 ns, 6.2500 ns/op
OverheadActual   3: 1024 op, 6800.00 ns, 6.6406 ns/op
OverheadActual   4: 1024 op, 6100.00 ns, 5.9570 ns/op
OverheadActual   5: 1024 op, 6600.00 ns, 6.4453 ns/op
OverheadActual   6: 1024 op, 6400.00 ns, 6.2500 ns/op
OverheadActual   7: 1024 op, 12700.00 ns, 12.4023 ns/op
OverheadActual   8: 1024 op, 11700.00 ns, 11.4258 ns/op
OverheadActual   9: 1024 op, 11300.00 ns, 11.0352 ns/op
OverheadActual  10: 1024 op, 11300.00 ns, 11.0352 ns/op
OverheadActual  11: 1024 op, 6400.00 ns, 6.2500 ns/op
OverheadActual  12: 1024 op, 6500.00 ns, 6.3477 ns/op
OverheadActual  13: 1024 op, 6400.00 ns, 6.2500 ns/op
OverheadActual  14: 1024 op, 6200.00 ns, 6.0547 ns/op
OverheadActual  15: 1024 op, 6400.00 ns, 6.2500 ns/op
OverheadActual  16: 1024 op, 6500.00 ns, 6.3477 ns/op
OverheadActual  17: 1024 op, 6500.00 ns, 6.3477 ns/op

WorkloadWarmup   1: 1024 op, 679656400.00 ns, 663.7270 us/op
WorkloadWarmup   2: 1024 op, 441901000.00 ns, 431.5439 us/op
WorkloadWarmup   3: 1024 op, 649063100.00 ns, 633.8507 us/op

// BeforeActualRun
WorkloadActual   1: 1024 op, 589655300.00 ns, 575.8353 us/op
WorkloadActual   2: 1024 op, 538931600.00 ns, 526.3004 us/op
WorkloadActual   3: 1024 op, 524688400.00 ns, 512.3910 us/op
WorkloadActual   4: 1024 op, 541677000.00 ns, 528.9814 us/op
WorkloadActual   5: 1024 op, 532107000.00 ns, 519.6357 us/op

// AfterActualRun
WorkloadResult   1: 1024 op, 538925100.00 ns, 526.2940 us/op
WorkloadResult   2: 1024 op, 524681900.00 ns, 512.3847 us/op
WorkloadResult   3: 1024 op, 541670500.00 ns, 528.9751 us/op
WorkloadResult   4: 1024 op, 532100500.00 ns, 519.6294 us/op
// GC:  6 0 0 21267888 1024
// Threading:  0 0 1024

// AfterAll
// Benchmark Process 5064 has exited with code 0.

Mean = 521.821 μs, StdErr = 3.709 μs (0.71%), N = 4, StdDev = 7.417 μs
Min = 512.385 μs, Q1 = 517.818 μs, Median = 522.962 μs, Q3 = 526.964 μs, Max = 528.975 μs
IQR = 9.146 μs, LowerFence = 504.099 μs, UpperFence = 540.683 μs
ConfidenceInterval = [473.892 μs; 569.750 μs] (CI 99.9%), Margin = 47.929 μs (9.18% of Mean)
Skewness = -0.24, Kurtosis = 0.91, MValue = 2

// ** Remained 5 (83.3%) benchmark(s) to run. Estimated finish 2026-08-19 19:40 (0h 0m from now) **
Setup power plan (GUID: 8c5e7fda-e8bf-4a96-9a85-a6e23a8c635c FriendlyName: High performance)
// **************************
// Benchmark: P03_05_ProjectScanBenchmarks.ScanProject: Job-OOTPKI(Toolchain=.NET 8.0) [FileCount=10]
// *** Execute ***
// Launch: 1 / 1
// Execute: D:\dotnet\dotnet.exe UPA.Performance.Benchmarks-2.dll --anonymousPipes 3336 1976 --benchmarkName "UPA.Performance.Benchmarks.Scenarios.P03_05_ProjectScanBenchmarks.ScanProject(FileCount: 10)" --job "Toolchain=.NET 8.0" --benchmarkId 0 in D:\UPA-MVP1\verified9\tests\UPA.Performance.Benchmarks\bin\Release\net8.0\UPA.Performance.Benchmarks-2\bin\Release\net8.0
// BeforeAnythingElse

// Benchmark Process Environment Information:
// BenchmarkDotNet v0.15.8
// Runtime=.NET 8.0.30 (8.0.30, 8.0.3026.36720), X64 RyuJIT x86-64-v3
// GC=Concurrent Workstation
// HardwareIntrinsics=AVX2+BMI1+BMI2+F16C+FMA+LZCNT+MOVBE,AVX,SSE3+SSSE3+SSE4.1+SSE4.2+POPCNT,X86Base+SSE+SSE2,AES+PCLMUL VectorSize=256
// Job: DefaultJob

OverheadJitting  1: 1 op, 256000.00 ns, 256.0000 us/op
WorkloadJitting  1: 1 op, 22683500.00 ns, 22.6835 ms/op

OverheadJitting  2: 16 op, 872200.00 ns, 54.5125 us/op
WorkloadJitting  2: 16 op, 10914100.00 ns, 682.1313 us/op

WorkloadPilot    1: 16 op, 12841500.00 ns, 802.5938 us/op
WorkloadPilot    2: 32 op, 21476500.00 ns, 671.1406 us/op
WorkloadPilot    3: 64 op, 36857900.00 ns, 575.9047 us/op
WorkloadPilot    4: 128 op, 78178500.00 ns, 610.7695 us/op
WorkloadPilot    5: 256 op, 170779600.00 ns, 667.1078 us/op
WorkloadPilot    6: 512 op, 316079400.00 ns, 617.3426 us/op
WorkloadPilot    7: 1024 op, 640104700.00 ns, 625.1022 us/op

OverheadWarmup   1: 1024 op, 8100.00 ns, 7.9102 ns/op
OverheadWarmup   2: 1024 op, 7000.00 ns, 6.8359 ns/op
OverheadWarmup   3: 1024 op, 6500.00 ns, 6.3477 ns/op
OverheadWarmup   4: 1024 op, 7000.00 ns, 6.8359 ns/op
OverheadWarmup   5: 1024 op, 6800.00 ns, 6.6406 ns/op
OverheadWarmup   6: 1024 op, 6700.00 ns, 6.5430 ns/op
OverheadWarmup   7: 1024 op, 6500.00 ns, 6.3477 ns/op
OverheadWarmup   8: 1024 op, 6600.00 ns, 6.4453 ns/op
OverheadWarmup   9: 1024 op, 6800.00 ns, 6.6406 ns/op
OverheadWarmup  10: 1024 op, 6700.00 ns, 6.5430 ns/op

OverheadActual   1: 1024 op, 6700.00 ns, 6.5430 ns/op
OverheadActual   2: 1024 op, 6800.00 ns, 6.6406 ns/op
OverheadActual   3: 1024 op, 6800.00 ns, 6.6406 ns/op
OverheadActual   4: 1024 op, 6500.00 ns, 6.3477 ns/op
OverheadActual   5: 1024 op, 7200.00 ns, 7.0313 ns/op
OverheadActual   6: 1024 op, 6900.00 ns, 6.7383 ns/op
OverheadActual   7: 1024 op, 6600.00 ns, 6.4453 ns/op
OverheadActual   8: 1024 op, 6400.00 ns, 6.2500 ns/op
OverheadActual   9: 1024 op, 6300.00 ns, 6.1523 ns/op
OverheadActual  10: 1024 op, 6500.00 ns, 6.3477 ns/op
OverheadActual  11: 1024 op, 6200.00 ns, 6.0547 ns/op
OverheadActual  12: 1024 op, 6500.00 ns, 6.3477 ns/op
OverheadActual  13: 1024 op, 6500.00 ns, 6.3477 ns/op
OverheadActual  14: 1024 op, 6700.00 ns, 6.5430 ns/op
OverheadActual  15: 1024 op, 6400.00 ns, 6.2500 ns/op

WorkloadWarmup   1: 1024 op, 656351700.00 ns, 640.9685 us/op
WorkloadWarmup   2: 1024 op, 470668000.00 ns, 459.6367 us/op
WorkloadWarmup   3: 1024 op, 415959900.00 ns, 406.2108 us/op
WorkloadWarmup   4: 1024 op, 380936700.00 ns, 372.0085 us/op
WorkloadWarmup   5: 1024 op, 381335300.00 ns, 372.3978 us/op
WorkloadWarmup   6: 1024 op, 381225300.00 ns, 372.2903 us/op
WorkloadWarmup   7: 1024 op, 469627800.00 ns, 458.6209 us/op
WorkloadWarmup   8: 1024 op, 570614000.00 ns, 557.2402 us/op
WorkloadWarmup   9: 1024 op, 528475500.00 ns, 516.0894 us/op

// BeforeActualRun
WorkloadActual   1: 1024 op, 530183300.00 ns, 517.7571 us/op
WorkloadActual   2: 1024 op, 523064500.00 ns, 510.8052 us/op
WorkloadActual   3: 1024 op, 539300200.00 ns, 526.6604 us/op
WorkloadActual   4: 1024 op, 537279700.00 ns, 524.6872 us/op
WorkloadActual   5: 1024 op, 537663600.00 ns, 525.0621 us/op
WorkloadActual   6: 1024 op, 534920700.00 ns, 522.3835 us/op
WorkloadActual   7: 1024 op, 529505800.00 ns, 517.0955 us/op
WorkloadActual   8: 1024 op, 534594000.00 ns, 522.0645 us/op
WorkloadActual   9: 1024 op, 531513300.00 ns, 519.0560 us/op
WorkloadActual  10: 1024 op, 535566100.00 ns, 523.0138 us/op
WorkloadActual  11: 1024 op, 531788700.00 ns, 519.3249 us/op
WorkloadActual  12: 1024 op, 558124800.00 ns, 545.0438 us/op
WorkloadActual  13: 1024 op, 530461600.00 ns, 518.0289 us/op
WorkloadActual  14: 1024 op, 541457100.00 ns, 528.7667 us/op
WorkloadActual  15: 1024 op, 474394400.00 ns, 463.2758 us/op
WorkloadActual  16: 1024 op, 402861200.00 ns, 393.4191 us/op
WorkloadActual  17: 1024 op, 370030300.00 ns, 361.3577 us/op
WorkloadActual  18: 1024 op, 375611300.00 ns, 366.8079 us/op
WorkloadActual  19: 1024 op, 376501100.00 ns, 367.6769 us/op
WorkloadActual  20: 1024 op, 365477100.00 ns, 356.9112 us/op
WorkloadActual  21: 1024 op, 380575800.00 ns, 371.6561 us/op
WorkloadActual  22: 1024 op, 370453600.00 ns, 361.7711 us/op
WorkloadActual  23: 1024 op, 369262500.00 ns, 360.6079 us/op
WorkloadActual  24: 1024 op, 386805700.00 ns, 377.7399 us/op
WorkloadActual  25: 1024 op, 376753700.00 ns, 367.9235 us/op
WorkloadActual  26: 1024 op, 476088100.00 ns, 464.9298 us/op
WorkloadActual  27: 1024 op, 555925200.00 ns, 542.8957 us/op
WorkloadActual  28: 1024 op, 538853400.00 ns, 526.2240 us/op
WorkloadActual  29: 1024 op, 538407800.00 ns, 525.7889 us/op
WorkloadActual  30: 1024 op, 532251800.00 ns, 519.7771 us/op
WorkloadActual  31: 1024 op, 534871900.00 ns, 522.3358 us/op
WorkloadActual  32: 1024 op, 536365500.00 ns, 523.7944 us/op
WorkloadActual  33: 1024 op, 520078600.00 ns, 507.8893 us/op
WorkloadActual  34: 1024 op, 551624700.00 ns, 538.6960 us/op
WorkloadActual  35: 1024 op, 535137900.00 ns, 522.5956 us/op
WorkloadActual  36: 1024 op, 534028500.00 ns, 521.5122 us/op
WorkloadActual  37: 1024 op, 523704600.00 ns, 511.4303 us/op
WorkloadActual  38: 1024 op, 573842600.00 ns, 560.3932 us/op
WorkloadActual  39: 1024 op, 545974500.00 ns, 533.1782 us/op
WorkloadActual  40: 1024 op, 531408900.00 ns, 518.9540 us/op
WorkloadActual  41: 1024 op, 535513200.00 ns, 522.9621 us/op
WorkloadActual  42: 1024 op, 552220200.00 ns, 539.2775 us/op
WorkloadActual  43: 1024 op, 543542400.00 ns, 530.8031 us/op
WorkloadActual  44: 1024 op, 532140100.00 ns, 519.6681 us/op
WorkloadActual  45: 1024 op, 522070300.00 ns, 509.8343 us/op
WorkloadActual  46: 1024 op, 531617900.00 ns, 519.1581 us/op
WorkloadActual  47: 1024 op, 537522200.00 ns, 524.9240 us/op
WorkloadActual  48: 1024 op, 529424500.00 ns, 517.0161 us/op
WorkloadActual  49: 1024 op, 538993600.00 ns, 526.3609 us/op
WorkloadActual  50: 1024 op, 602563400.00 ns, 588.4408 us/op
WorkloadActual  51: 1024 op, 546836600.00 ns, 534.0201 us/op
WorkloadActual  52: 1024 op, 537053600.00 ns, 524.4664 us/op
WorkloadActual  53: 1024 op, 528707000.00 ns, 516.3154 us/op
WorkloadActual  54: 1024 op, 537887800.00 ns, 525.2811 us/op
WorkloadActual  55: 1024 op, 528113100.00 ns, 515.7354 us/op
WorkloadActual  56: 1024 op, 535063700.00 ns, 522.5231 us/op
WorkloadActual  57: 1024 op, 546816700.00 ns, 534.0007 us/op
WorkloadActual  58: 1024 op, 542335800.00 ns, 529.6248 us/op
WorkloadActual  59: 1024 op, 560186600.00 ns, 547.0572 us/op
WorkloadActual  60: 1024 op, 569098700.00 ns, 555.7604 us/op
WorkloadActual  61: 1024 op, 600876500.00 ns, 586.7935 us/op
WorkloadActual  62: 1024 op, 590755500.00 ns, 576.9097 us/op
WorkloadActual  63: 1024 op, 601411400.00 ns, 587.3158 us/op
WorkloadActual  64: 1024 op, 600852800.00 ns, 586.7703 us/op
WorkloadActual  65: 1024 op, 609081100.00 ns, 594.8058 us/op
WorkloadActual  66: 1024 op, 620511300.00 ns, 605.9681 us/op
WorkloadActual  67: 1024 op, 618914200.00 ns, 604.4084 us/op
WorkloadActual  68: 1024 op, 610506000.00 ns, 596.1973 us/op
WorkloadActual  69: 1024 op, 612314300.00 ns, 597.9632 us/op
WorkloadActual  70: 1024 op, 577681400.00 ns, 564.1420 us/op
WorkloadActual  71: 1024 op, 598983900.00 ns, 584.9452 us/op
WorkloadActual  72: 1024 op, 599374400.00 ns, 585.3266 us/op
WorkloadActual  73: 1024 op, 594758200.00 ns, 580.8186 us/op
WorkloadActual  74: 1024 op, 587600500.00 ns, 573.8286 us/op
WorkloadActual  75: 1024 op, 595987800.00 ns, 582.0193 us/op
WorkloadActual  76: 1024 op, 582355100.00 ns, 568.7062 us/op
WorkloadActual  77: 1024 op, 572831200.00 ns, 559.4055 us/op
WorkloadActual  78: 1024 op, 587463900.00 ns, 573.6952 us/op
WorkloadActual  79: 1024 op, 583463900.00 ns, 569.7890 us/op
WorkloadActual  80: 1024 op, 583583500.00 ns, 569.9058 us/op
WorkloadActual  81: 1024 op, 574530700.00 ns, 561.0651 us/op
WorkloadActual  82: 1024 op, 560001400.00 ns, 546.8764 us/op
WorkloadActual  83: 1024 op, 558675600.00 ns, 545.5816 us/op
WorkloadActual  84: 1024 op, 580153700.00 ns, 566.5563 us/op
WorkloadActual  85: 1024 op, 581819700.00 ns, 568.1833 us/op
WorkloadActual  86: 1024 op, 584916900.00 ns, 571.2079 us/op
WorkloadActual  87: 1024 op, 549200200.00 ns, 536.3283 us/op
WorkloadActual  88: 1024 op, 554939200.00 ns, 541.9328 us/op
WorkloadActual  89: 1024 op, 549243100.00 ns, 536.3702 us/op
WorkloadActual  90: 1024 op, 550274900.00 ns, 537.3778 us/op
WorkloadActual  91: 1024 op, 575386400.00 ns, 561.9008 us/op
WorkloadActual  92: 1024 op, 539605400.00 ns, 526.9584 us/op
WorkloadActual  93: 1024 op, 555358700.00 ns, 542.3425 us/op
WorkloadActual  94: 1024 op, 541685500.00 ns, 528.9897 us/op
WorkloadActual  95: 1024 op, 555756200.00 ns, 542.7307 us/op
WorkloadActual  96: 1024 op, 574872800.00 ns, 561.3992 us/op
WorkloadActual  97: 1024 op, 546794800.00 ns, 533.9793 us/op
WorkloadActual  98: 1024 op, 541601300.00 ns, 528.9075 us/op
WorkloadActual  99: 1024 op, 541325800.00 ns, 528.6385 us/op
WorkloadActual  100: 1024 op, 541105800.00 ns, 528.4236 us/op

// AfterActualRun
WorkloadResult   1: 1024 op, 530176800.00 ns, 517.7508 us/op
WorkloadResult   2: 1024 op, 523058000.00 ns, 510.7988 us/op
WorkloadResult   3: 1024 op, 539293700.00 ns, 526.6540 us/op
WorkloadResult   4: 1024 op, 537273200.00 ns, 524.6809 us/op
WorkloadResult   5: 1024 op, 537657100.00 ns, 525.0558 us/op
WorkloadResult   6: 1024 op, 534914200.00 ns, 522.3771 us/op
WorkloadResult   7: 1024 op, 529499300.00 ns, 517.0892 us/op
WorkloadResult   8: 1024 op, 534587500.00 ns, 522.0581 us/op
WorkloadResult   9: 1024 op, 531506800.00 ns, 519.0496 us/op
WorkloadResult  10: 1024 op, 535559600.00 ns, 523.0074 us/op
WorkloadResult  11: 1024 op, 531782200.00 ns, 519.3186 us/op
WorkloadResult  12: 1024 op, 558118300.00 ns, 545.0374 us/op
WorkloadResult  13: 1024 op, 530455100.00 ns, 518.0226 us/op
WorkloadResult  14: 1024 op, 541450600.00 ns, 528.7604 us/op
WorkloadResult  15: 1024 op, 474387900.00 ns, 463.2694 us/op
WorkloadResult  16: 1024 op, 402854700.00 ns, 393.4128 us/op
WorkloadResult  17: 1024 op, 370023800.00 ns, 361.3514 us/op
WorkloadResult  18: 1024 op, 375604800.00 ns, 366.8016 us/op
WorkloadResult  19: 1024 op, 376494600.00 ns, 367.6705 us/op
WorkloadResult  20: 1024 op, 365470600.00 ns, 356.9049 us/op
WorkloadResult  21: 1024 op, 380569300.00 ns, 371.6497 us/op
WorkloadResult  22: 1024 op, 370447100.00 ns, 361.7647 us/op
WorkloadResult  23: 1024 op, 369256000.00 ns, 360.6016 us/op
WorkloadResult  24: 1024 op, 386799200.00 ns, 377.7336 us/op
WorkloadResult  25: 1024 op, 376747200.00 ns, 367.9172 us/op
WorkloadResult  26: 1024 op, 476081600.00 ns, 464.9234 us/op
WorkloadResult  27: 1024 op, 555918700.00 ns, 542.8894 us/op
WorkloadResult  28: 1024 op, 538846900.00 ns, 526.2177 us/op
WorkloadResult  29: 1024 op, 538401300.00 ns, 525.7825 us/op
WorkloadResult  30: 1024 op, 532245300.00 ns, 519.7708 us/op
WorkloadResult  31: 1024 op, 534865400.00 ns, 522.3295 us/op
WorkloadResult  32: 1024 op, 536359000.00 ns, 523.7881 us/op
WorkloadResult  33: 1024 op, 520072100.00 ns, 507.8829 us/op
WorkloadResult  34: 1024 op, 551618200.00 ns, 538.6896 us/op
WorkloadResult  35: 1024 op, 535131400.00 ns, 522.5893 us/op
WorkloadResult  36: 1024 op, 534022000.00 ns, 521.5059 us/op
WorkloadResult  37: 1024 op, 523698100.00 ns, 511.4239 us/op
WorkloadResult  38: 1024 op, 573836100.00 ns, 560.3868 us/op
WorkloadResult  39: 1024 op, 545968000.00 ns, 533.1719 us/op
WorkloadResult  40: 1024 op, 531402400.00 ns, 518.9477 us/op
WorkloadResult  41: 1024 op, 535506700.00 ns, 522.9558 us/op
WorkloadResult  42: 1024 op, 552213700.00 ns, 539.2712 us/op
WorkloadResult  43: 1024 op, 543535900.00 ns, 530.7968 us/op
WorkloadResult  44: 1024 op, 532133600.00 ns, 519.6617 us/op
WorkloadResult  45: 1024 op, 522063800.00 ns, 509.8279 us/op
WorkloadResult  46: 1024 op, 531611400.00 ns, 519.1518 us/op
WorkloadResult  47: 1024 op, 537515700.00 ns, 524.9177 us/op
WorkloadResult  48: 1024 op, 529418000.00 ns, 517.0098 us/op
WorkloadResult  49: 1024 op, 538987100.00 ns, 526.3546 us/op
WorkloadResult  50: 1024 op, 602556900.00 ns, 588.4345 us/op
WorkloadResult  51: 1024 op, 546830100.00 ns, 534.0138 us/op
WorkloadResult  52: 1024 op, 537047100.00 ns, 524.4601 us/op
WorkloadResult  53: 1024 op, 528700500.00 ns, 516.3091 us/op
WorkloadResult  54: 1024 op, 537881300.00 ns, 525.2747 us/op
WorkloadResult  55: 1024 op, 528106600.00 ns, 515.7291 us/op
WorkloadResult  56: 1024 op, 535057200.00 ns, 522.5168 us/op
WorkloadResult  57: 1024 op, 546810200.00 ns, 533.9943 us/op
WorkloadResult  58: 1024 op, 542329300.00 ns, 529.6185 us/op
WorkloadResult  59: 1024 op, 560180100.00 ns, 547.0509 us/op
WorkloadResult  60: 1024 op, 569092200.00 ns, 555.7541 us/op
WorkloadResult  61: 1024 op, 600870000.00 ns, 586.7871 us/op
WorkloadResult  62: 1024 op, 590749000.00 ns, 576.9033 us/op
WorkloadResult  63: 1024 op, 601404900.00 ns, 587.3095 us/op
WorkloadResult  64: 1024 op, 600846300.00 ns, 586.7640 us/op
WorkloadResult  65: 1024 op, 609074600.00 ns, 594.7994 us/op
WorkloadResult  66: 1024 op, 620504800.00 ns, 605.9617 us/op
WorkloadResult  67: 1024 op, 618907700.00 ns, 604.4021 us/op
WorkloadResult  68: 1024 op, 610499500.00 ns, 596.1909 us/op
WorkloadResult  69: 1024 op, 612307800.00 ns, 597.9568 us/op
WorkloadResult  70: 1024 op, 577674900.00 ns, 564.1356 us/op
WorkloadResult  71: 1024 op, 598977400.00 ns, 584.9389 us/op
WorkloadResult  72: 1024 op, 599367900.00 ns, 585.3202 us/op
WorkloadResult  73: 1024 op, 594751700.00 ns, 580.8122 us/op
WorkloadResult  74: 1024 op, 587594000.00 ns, 573.8223 us/op
WorkloadResult  75: 1024 op, 595981300.00 ns, 582.0130 us/op
WorkloadResult  76: 1024 op, 582348600.00 ns, 568.6998 us/op
WorkloadResult  77: 1024 op, 572824700.00 ns, 559.3991 us/op
WorkloadResult  78: 1024 op, 587457400.00 ns, 573.6889 us/op
WorkloadResult  79: 1024 op, 583457400.00 ns, 569.7826 us/op
WorkloadResult  80: 1024 op, 583577000.00 ns, 569.8994 us/op
WorkloadResult  81: 1024 op, 574524200.00 ns, 561.0588 us/op
WorkloadResult  82: 1024 op, 559994900.00 ns, 546.8700 us/op
WorkloadResult  83: 1024 op, 558669100.00 ns, 545.5753 us/op
WorkloadResult  84: 1024 op, 580147200.00 ns, 566.5500 us/op
WorkloadResult  85: 1024 op, 581813200.00 ns, 568.1770 us/op
WorkloadResult  86: 1024 op, 584910400.00 ns, 571.2016 us/op
WorkloadResult  87: 1024 op, 549193700.00 ns, 536.3220 us/op
WorkloadResult  88: 1024 op, 554932700.00 ns, 541.9265 us/op
WorkloadResult  89: 1024 op, 549236600.00 ns, 536.3639 us/op
WorkloadResult  90: 1024 op, 550268400.00 ns, 537.3715 us/op
WorkloadResult  91: 1024 op, 575379900.00 ns, 561.8944 us/op
WorkloadResult  92: 1024 op, 539598900.00 ns, 526.9521 us/op
WorkloadResult  93: 1024 op, 555352200.00 ns, 542.3361 us/op
WorkloadResult  94: 1024 op, 541679000.00 ns, 528.9834 us/op
WorkloadResult  95: 1024 op, 555749700.00 ns, 542.7243 us/op
WorkloadResult  96: 1024 op, 574866300.00 ns, 561.3929 us/op
WorkloadResult  97: 1024 op, 546788300.00 ns, 533.9729 us/op
WorkloadResult  98: 1024 op, 541594800.00 ns, 528.9012 us/op
WorkloadResult  99: 1024 op, 541319300.00 ns, 528.6321 us/op
WorkloadResult  100: 1024 op, 541099300.00 ns, 528.4173 us/op
// GC:  6 0 0 21267888 1024
// Threading:  0 0 1024

// AfterAll
// Benchmark Process 7552 has exited with code 0.

Mean = 524.574 μs, StdErr = 5.896 μs (1.12%), N = 100, StdDev = 58.960 μs
Min = 356.905 μs, Q1 = 519.277 μs, Median = 528.831 μs, Q3 = 561.142 μs, Max = 605.962 μs
IQR = 41.865 μs, LowerFence = 456.479 μs, UpperFence = 623.940 μs
ConfidenceInterval = [504.577 μs; 544.570 μs] (CI 99.9%), Margin = 19.996 μs (3.81% of Mean)
Skewness = -1.64, Kurtosis = 5.31, MValue = 2.11

// ** Remained 4 (66.7%) benchmark(s) to run. Estimated finish 2026-08-19 19:43 (0h 2m from now) **
Setup power plan (GUID: 8c5e7fda-e8bf-4a96-9a85-a6e23a8c635c FriendlyName: High performance)
// **************************
// Benchmark: P03_05_ProjectScanBenchmarks.ScanProject: Job-IJPESX(IterationCount=5, LaunchCount=1, WarmupCount=3) [FileCount=1000]
// *** Execute ***
// Launch: 1 / 1
// Execute: dotnet UPA.Performance.Benchmarks-1.dll --anonymousPipes 3360 3344 --benchmarkName "UPA.Performance.Benchmarks.Scenarios.P03_05_ProjectScanBenchmarks.ScanProject(FileCount: 1000)" --job "IterationCount=5, LaunchCount=1, WarmupCount=3" --benchmarkId 1 in D:\UPA-MVP1\verified9\tests\UPA.Performance.Benchmarks\bin\Release\net8.0\UPA.Performance.Benchmarks-1\bin\Release\net8.0
// BeforeAnythingElse

// Benchmark Process Environment Information:
// BenchmarkDotNet v0.15.8
// Runtime=.NET 8.0.30 (8.0.30, 8.0.3026.36720), X64 RyuJIT x86-64-v3
// GC=Concurrent Workstation
// HardwareIntrinsics=AVX2+BMI1+BMI2+F16C+FMA+LZCNT+MOVBE,AVX,SSE3+SSSE3+SSE4.1+SSE4.2+POPCNT,X86Base+SSE+SSE2,AES+PCLMUL VectorSize=256
// Job: Job-IJPESX(IterationCount=5, LaunchCount=1, WarmupCount=3)

OverheadJitting  1: 1 op, 295100.00 ns, 295.1000 us/op
WorkloadJitting  1: 1 op, 35684000.00 ns, 35.6840 ms/op

WorkloadPilot    1: 2 op, 4181100.00 ns, 2.0906 ms/op
WorkloadPilot    2: 3 op, 8768000.00 ns, 2.9227 ms/op
WorkloadPilot    3: 4 op, 7243500.00 ns, 1.8109 ms/op
WorkloadPilot    4: 5 op, 9261900.00 ns, 1.8524 ms/op
WorkloadPilot    5: 6 op, 10898900.00 ns, 1.8165 ms/op
WorkloadPilot    6: 7 op, 12669900.00 ns, 1.8100 ms/op
WorkloadPilot    7: 8 op, 16974400.00 ns, 2.1218 ms/op
WorkloadPilot    8: 9 op, 21142500.00 ns, 2.3492 ms/op
WorkloadPilot    9: 10 op, 17731600.00 ns, 1.7732 ms/op
WorkloadPilot   10: 11 op, 20248000.00 ns, 1.8407 ms/op
WorkloadPilot   11: 12 op, 23298400.00 ns, 1.9415 ms/op
WorkloadPilot   12: 13 op, 33611700.00 ns, 2.5855 ms/op
WorkloadPilot   13: 14 op, 26684400.00 ns, 1.9060 ms/op
WorkloadPilot   14: 15 op, 26755400.00 ns, 1.7837 ms/op
WorkloadPilot   15: 16 op, 39880700.00 ns, 2.4925 ms/op
WorkloadPilot   16: 32 op, 57060500.00 ns, 1.7831 ms/op
WorkloadPilot   17: 64 op, 120349000.00 ns, 1.8805 ms/op
WorkloadPilot   18: 128 op, 241466100.00 ns, 1.8865 ms/op
WorkloadPilot   19: 256 op, 463529400.00 ns, 1.8107 ms/op
WorkloadPilot   20: 512 op, 910095300.00 ns, 1.7775 ms/op

WorkloadWarmup   1: 512 op, 819391000.00 ns, 1.6004 ms/op
WorkloadWarmup   2: 512 op, 823560800.00 ns, 1.6085 ms/op
WorkloadWarmup   3: 512 op, 903094700.00 ns, 1.7639 ms/op

// BeforeActualRun
WorkloadActual   1: 512 op, 875623300.00 ns, 1.7102 ms/op
WorkloadActual   2: 512 op, 900009400.00 ns, 1.7578 ms/op
WorkloadActual   3: 512 op, 881624700.00 ns, 1.7219 ms/op
WorkloadActual   4: 512 op, 894850200.00 ns, 1.7478 ms/op
WorkloadActual   5: 512 op, 640242400.00 ns, 1.2505 ms/op

// AfterActualRun
WorkloadResult   1: 512 op, 875623300.00 ns, 1.7102 ms/op
WorkloadResult   2: 512 op, 900009400.00 ns, 1.7578 ms/op
WorkloadResult   3: 512 op, 881624700.00 ns, 1.7219 ms/op
WorkloadResult   4: 512 op, 894850200.00 ns, 1.7478 ms/op
WorkloadResult   5: 512 op, 640242400.00 ns, 1.2505 ms/op
// GC:  3 0 0 10638144 512
// Threading:  0 0 512

// AfterAll
// Benchmark Process 7000 has exited with code 0.

Mean = 1.638 ms, StdErr = 0.097 ms (5.93%), N = 5, StdDev = 0.217 ms
Min = 1.250 ms, Q1 = 1.710 ms, Median = 1.722 ms, Q3 = 1.748 ms, Max = 1.758 ms
IQR = 0.038 ms, LowerFence = 1.654 ms, UpperFence = 1.804 ms
ConfidenceInterval = [0.801 ms; 2.474 ms] (CI 99.9%), Margin = 0.837 ms (51.09% of Mean)
Skewness = -1.05, Kurtosis = 2.06, MValue = 2

// ** Remained 3 (50.0%) benchmark(s) to run. Estimated finish 2026-08-19 19:42 (0h 1m from now) **
Setup power plan (GUID: 8c5e7fda-e8bf-4a96-9a85-a6e23a8c635c FriendlyName: High performance)
// **************************
// Benchmark: P03_05_ProjectScanBenchmarks.ScanProject: Job-OOTPKI(Toolchain=.NET 8.0) [FileCount=1000]
// *** Execute ***
// Launch: 1 / 1
// Execute: D:\dotnet\dotnet.exe UPA.Performance.Benchmarks-2.dll --anonymousPipes 1816 1824 --benchmarkName "UPA.Performance.Benchmarks.Scenarios.P03_05_ProjectScanBenchmarks.ScanProject(FileCount: 1000)" --job "Toolchain=.NET 8.0" --benchmarkId 1 in D:\UPA-MVP1\verified9\tests\UPA.Performance.Benchmarks\bin\Release\net8.0\UPA.Performance.Benchmarks-2\bin\Release\net8.0
// BeforeAnythingElse

// Benchmark Process Environment Information:
// BenchmarkDotNet v0.15.8
// Runtime=.NET 8.0.30 (8.0.30, 8.0.3026.36720), X64 RyuJIT x86-64-v3
// GC=Concurrent Workstation
// HardwareIntrinsics=AVX2+BMI1+BMI2+F16C+FMA+LZCNT+MOVBE,AVX,SSE3+SSSE3+SSE4.1+SSE4.2+POPCNT,X86Base+SSE+SSE2,AES+PCLMUL VectorSize=256
// Job: DefaultJob

OverheadJitting  1: 1 op, 268000.00 ns, 268.0000 us/op
WorkloadJitting  1: 1 op, 23181500.00 ns, 23.1815 ms/op

OverheadJitting  2: 16 op, 996600.00 ns, 62.2875 us/op
WorkloadJitting  2: 16 op, 25211200.00 ns, 1.5757 ms/op

WorkloadPilot    1: 16 op, 22835800.00 ns, 1.4272 ms/op
WorkloadPilot    2: 32 op, 51670900.00 ns, 1.6147 ms/op
WorkloadPilot    3: 64 op, 89303800.00 ns, 1.3954 ms/op
WorkloadPilot    4: 128 op, 162895400.00 ns, 1.2726 ms/op
WorkloadPilot    5: 256 op, 295080000.00 ns, 1.1527 ms/op
WorkloadPilot    6: 512 op, 599326600.00 ns, 1.1706 ms/op

OverheadWarmup   1: 512 op, 4300.00 ns, 8.3984 ns/op
OverheadWarmup   2: 512 op, 2700.00 ns, 5.2734 ns/op
OverheadWarmup   3: 512 op, 2800.00 ns, 5.4688 ns/op
OverheadWarmup   4: 512 op, 2800.00 ns, 5.4688 ns/op
OverheadWarmup   5: 512 op, 2600.00 ns, 5.0781 ns/op
OverheadWarmup   6: 512 op, 2700.00 ns, 5.2734 ns/op

OverheadActual   1: 512 op, 2600.00 ns, 5.0781 ns/op
OverheadActual   2: 512 op, 2600.00 ns, 5.0781 ns/op
OverheadActual   3: 512 op, 2800.00 ns, 5.4688 ns/op
OverheadActual   4: 512 op, 2700.00 ns, 5.2734 ns/op
OverheadActual   5: 512 op, 2700.00 ns, 5.2734 ns/op
OverheadActual   6: 512 op, 2700.00 ns, 5.2734 ns/op
OverheadActual   7: 512 op, 2700.00 ns, 5.2734 ns/op
OverheadActual   8: 512 op, 2700.00 ns, 5.2734 ns/op
OverheadActual   9: 512 op, 2700.00 ns, 5.2734 ns/op
OverheadActual  10: 512 op, 2700.00 ns, 5.2734 ns/op
OverheadActual  11: 512 op, 2600.00 ns, 5.0781 ns/op
OverheadActual  12: 512 op, 2600.00 ns, 5.0781 ns/op
OverheadActual  13: 512 op, 2500.00 ns, 4.8828 ns/op
OverheadActual  14: 512 op, 2500.00 ns, 4.8828 ns/op
OverheadActual  15: 512 op, 2600.00 ns, 5.0781 ns/op

WorkloadWarmup   1: 512 op, 597859400.00 ns, 1.1677 ms/op
WorkloadWarmup   2: 512 op, 557144700.00 ns, 1.0882 ms/op
WorkloadWarmup   3: 512 op, 533067800.00 ns, 1.0411 ms/op
WorkloadWarmup   4: 512 op, 527024400.00 ns, 1.0293 ms/op
WorkloadWarmup   5: 512 op, 531479000.00 ns, 1.0380 ms/op
WorkloadWarmup   6: 512 op, 518810100.00 ns, 1.0133 ms/op
WorkloadWarmup   7: 512 op, 522852100.00 ns, 1.0212 ms/op
WorkloadWarmup   8: 512 op, 535249100.00 ns, 1.0454 ms/op
WorkloadWarmup   9: 512 op, 508705500.00 ns, 993.5654 us/op

// BeforeActualRun
WorkloadActual   1: 512 op, 509695300.00 ns, 995.4986 us/op
WorkloadActual   2: 512 op, 533690400.00 ns, 1.0424 ms/op
WorkloadActual   3: 512 op, 499647800.00 ns, 975.8746 us/op
WorkloadActual   4: 512 op, 529992100.00 ns, 1.0351 ms/op
WorkloadActual   5: 512 op, 506711200.00 ns, 989.6703 us/op
WorkloadActual   6: 512 op, 508761900.00 ns, 993.6756 us/op
WorkloadActual   7: 512 op, 528165800.00 ns, 1.0316 ms/op
WorkloadActual   8: 512 op, 528668500.00 ns, 1.0326 ms/op
WorkloadActual   9: 512 op, 510858000.00 ns, 997.7695 us/op
WorkloadActual  10: 512 op, 530561000.00 ns, 1.0363 ms/op
WorkloadActual  11: 512 op, 503889000.00 ns, 984.1582 us/op
WorkloadActual  12: 512 op, 519546400.00 ns, 1.0147 ms/op
WorkloadActual  13: 512 op, 527678000.00 ns, 1.0306 ms/op
WorkloadActual  14: 512 op, 504132600.00 ns, 984.6340 us/op
WorkloadActual  15: 512 op, 518966600.00 ns, 1.0136 ms/op
WorkloadActual  16: 512 op, 513712800.00 ns, 1.0033 ms/op
WorkloadActual  17: 512 op, 530039700.00 ns, 1.0352 ms/op
WorkloadActual  18: 512 op, 532784800.00 ns, 1.0406 ms/op
WorkloadActual  19: 512 op, 521150100.00 ns, 1.0179 ms/op

// AfterActualRun
WorkloadResult   1: 512 op, 509692600.00 ns, 995.4934 us/op
WorkloadResult   2: 512 op, 533687700.00 ns, 1.0424 ms/op
WorkloadResult   3: 512 op, 499645100.00 ns, 975.8693 us/op
WorkloadResult   4: 512 op, 529989400.00 ns, 1.0351 ms/op
WorkloadResult   5: 512 op, 506708500.00 ns, 989.6650 us/op
WorkloadResult   6: 512 op, 508759200.00 ns, 993.6703 us/op
WorkloadResult   7: 512 op, 528163100.00 ns, 1.0316 ms/op
WorkloadResult   8: 512 op, 528665800.00 ns, 1.0326 ms/op
WorkloadResult   9: 512 op, 510855300.00 ns, 997.7643 us/op
WorkloadResult  10: 512 op, 530558300.00 ns, 1.0362 ms/op
WorkloadResult  11: 512 op, 503886300.00 ns, 984.1529 us/op
WorkloadResult  12: 512 op, 519543700.00 ns, 1.0147 ms/op
WorkloadResult  13: 512 op, 527675300.00 ns, 1.0306 ms/op
WorkloadResult  14: 512 op, 504129900.00 ns, 984.6287 us/op
WorkloadResult  15: 512 op, 518963900.00 ns, 1.0136 ms/op
WorkloadResult  16: 512 op, 513710100.00 ns, 1.0033 ms/op
WorkloadResult  17: 512 op, 530037000.00 ns, 1.0352 ms/op
WorkloadResult  18: 512 op, 532782100.00 ns, 1.0406 ms/op
WorkloadResult  19: 512 op, 521147400.00 ns, 1.0179 ms/op
// GC:  3 0 0 10638144 512
// Threading:  0 0 512

// AfterAll
// Benchmark Process 18060 has exited with code 0.

Mean = 1.013 ms, StdErr = 0.005 ms (0.50%), N = 19, StdDev = 0.022 ms
Min = 0.976 ms, Q1 = 0.995 ms, Median = 1.015 ms, Q3 = 1.034 ms, Max = 1.042 ms
IQR = 0.039 ms, LowerFence = 0.936 ms, UpperFence = 1.093 ms
ConfidenceInterval = [0.994 ms; 1.033 ms] (CI 99.9%), Margin = 0.020 ms (1.96% of Mean)
Skewness = -0.19, Kurtosis = 1.41, MValue = 3.25

// ** Remained 2 (33.3%) benchmark(s) to run. Estimated finish 2026-08-19 19:42 (0h 0m from now) **
Setup power plan (GUID: 8c5e7fda-e8bf-4a96-9a85-a6e23a8c635c FriendlyName: High performance)
// **************************
// Benchmark: P03_05_ProjectScanBenchmarks.ScanProject: Job-IJPESX(IterationCount=5, LaunchCount=1, WarmupCount=3) [FileCount=10000]
// *** Execute ***
// Launch: 1 / 1
// Execute: dotnet UPA.Performance.Benchmarks-1.dll --anonymousPipes 1992 1496 --benchmarkName "UPA.Performance.Benchmarks.Scenarios.P03_05_ProjectScanBenchmarks.ScanProject(FileCount: 10000)" --job "IterationCount=5, LaunchCount=1, WarmupCount=3" --benchmarkId 2 in D:\UPA-MVP1\verified9\tests\UPA.Performance.Benchmarks\bin\Release\net8.0\UPA.Performance.Benchmarks-1\bin\Release\net8.0
// BeforeAnythingElse

// Benchmark Process Environment Information:
// BenchmarkDotNet v0.15.8
// Runtime=.NET 8.0.30 (8.0.30, 8.0.3026.36720), X64 RyuJIT x86-64-v3
// GC=Concurrent Workstation
// HardwareIntrinsics=AVX2+BMI1+BMI2+F16C+FMA+LZCNT+MOVBE,AVX,SSE3+SSSE3+SSE4.1+SSE4.2+POPCNT,X86Base+SSE+SSE2,AES+PCLMUL VectorSize=256
// Job: Job-IJPESX(IterationCount=5, LaunchCount=1, WarmupCount=3)

OverheadJitting  1: 1 op, 254100.00 ns, 254.1000 us/op
WorkloadJitting  1: 1 op, 33623100.00 ns, 33.6231 ms/op

WorkloadPilot    1: 2 op, 19718400.00 ns, 9.8592 ms/op
WorkloadPilot    2: 3 op, 28515300.00 ns, 9.5051 ms/op
WorkloadPilot    3: 4 op, 38263700.00 ns, 9.5659 ms/op
WorkloadPilot    4: 5 op, 45492400.00 ns, 9.0985 ms/op
WorkloadPilot    5: 6 op, 56934900.00 ns, 9.4892 ms/op
WorkloadPilot    6: 7 op, 63812000.00 ns, 9.1160 ms/op
WorkloadPilot    7: 8 op, 71313800.00 ns, 8.9142 ms/op
WorkloadPilot    8: 9 op, 80456300.00 ns, 8.9396 ms/op
WorkloadPilot    9: 10 op, 86006700.00 ns, 8.6007 ms/op
WorkloadPilot   10: 11 op, 104738200.00 ns, 9.5217 ms/op
WorkloadPilot   11: 12 op, 126244700.00 ns, 10.5204 ms/op
WorkloadPilot   12: 13 op, 134641400.00 ns, 10.3570 ms/op
WorkloadPilot   13: 14 op, 129750300.00 ns, 9.2679 ms/op
WorkloadPilot   14: 15 op, 130512800.00 ns, 8.7009 ms/op
WorkloadPilot   15: 16 op, 131162300.00 ns, 8.1976 ms/op
WorkloadPilot   16: 32 op, 259689700.00 ns, 8.1153 ms/op
WorkloadPilot   17: 64 op, 492088000.00 ns, 7.6889 ms/op
WorkloadPilot   18: 128 op, 917076300.00 ns, 7.1647 ms/op

WorkloadWarmup   1: 128 op, 920495600.00 ns, 7.1914 ms/op
WorkloadWarmup   2: 128 op, 905422300.00 ns, 7.0736 ms/op
WorkloadWarmup   3: 128 op, 908316600.00 ns, 7.0962 ms/op

// BeforeActualRun
WorkloadActual   1: 128 op, 892743600.00 ns, 6.9746 ms/op
WorkloadActual   2: 128 op, 887172700.00 ns, 6.9310 ms/op
WorkloadActual   3: 128 op, 890027800.00 ns, 6.9533 ms/op
WorkloadActual   4: 128 op, 905515600.00 ns, 7.0743 ms/op
WorkloadActual   5: 128 op, 925723000.00 ns, 7.2322 ms/op

// AfterActualRun
WorkloadResult   1: 128 op, 892743600.00 ns, 6.9746 ms/op
WorkloadResult   2: 128 op, 887172700.00 ns, 6.9310 ms/op
WorkloadResult   3: 128 op, 890027800.00 ns, 6.9533 ms/op
WorkloadResult   4: 128 op, 905515600.00 ns, 7.0743 ms/op
WorkloadResult   5: 128 op, 925723000.00 ns, 7.2322 ms/op
// GC:  0 0 0 2661584 128
// Threading:  0 0 128

// AfterAll
// Benchmark Process 20864 has exited with code 0.

Mean = 7.033 ms, StdErr = 0.055 ms (0.79%), N = 5, StdDev = 0.124 ms
Min = 6.931 ms, Q1 = 6.953 ms, Median = 6.975 ms, Q3 = 7.074 ms, Max = 7.232 ms
IQR = 0.121 ms, LowerFence = 6.772 ms, UpperFence = 7.256 ms
ConfidenceInterval = [6.555 ms; 7.511 ms] (CI 99.9%), Margin = 0.478 ms (6.79% of Mean)
Skewness = 0.65, Kurtosis = 1.47, MValue = 2

// ** Remained 1 (16.7%) benchmark(s) to run. Estimated finish 2026-08-19 19:42 (0h 0m from now) **
Setup power plan (GUID: 8c5e7fda-e8bf-4a96-9a85-a6e23a8c635c FriendlyName: High performance)
// **************************
// Benchmark: P03_05_ProjectScanBenchmarks.ScanProject: Job-OOTPKI(Toolchain=.NET 8.0) [FileCount=10000]
// *** Execute ***
// Launch: 1 / 1
// Execute: D:\dotnet\dotnet.exe UPA.Performance.Benchmarks-2.dll --anonymousPipes 2060 2052 --benchmarkName "UPA.Performance.Benchmarks.Scenarios.P03_05_ProjectScanBenchmarks.ScanProject(FileCount: 10000)" --job "Toolchain=.NET 8.0" --benchmarkId 2 in D:\UPA-MVP1\verified9\tests\UPA.Performance.Benchmarks\bin\Release\net8.0\UPA.Performance.Benchmarks-2\bin\Release\net8.0
// BeforeAnythingElse

// Benchmark Process Environment Information:
// BenchmarkDotNet v0.15.8
// Runtime=.NET 8.0.30 (8.0.30, 8.0.3026.36720), X64 RyuJIT x86-64-v3
// GC=Concurrent Workstation
// HardwareIntrinsics=AVX2+BMI1+BMI2+F16C+FMA+LZCNT+MOVBE,AVX,SSE3+SSSE3+SSE4.1+SSE4.2+POPCNT,X86Base+SSE+SSE2,AES+PCLMUL VectorSize=256
// Job: DefaultJob

OverheadJitting  1: 1 op, 250200.00 ns, 250.2000 us/op
WorkloadJitting  1: 1 op, 31432600.00 ns, 31.4326 ms/op

OverheadJitting  2: 16 op, 1003000.00 ns, 62.6875 us/op
WorkloadJitting  2: 16 op, 160535400.00 ns, 10.0335 ms/op

WorkloadPilot    1: 16 op, 142865500.00 ns, 8.9291 ms/op
WorkloadPilot    2: 32 op, 280176600.00 ns, 8.7555 ms/op
WorkloadPilot    3: 64 op, 581985200.00 ns, 9.0935 ms/op

OverheadWarmup   1: 64 op, 2100.00 ns, 32.8125 ns/op
OverheadWarmup   2: 64 op, 900.00 ns, 14.0625 ns/op
OverheadWarmup   3: 64 op, 900.00 ns, 14.0625 ns/op
OverheadWarmup   4: 64 op, 900.00 ns, 14.0625 ns/op
OverheadWarmup   5: 64 op, 900.00 ns, 14.0625 ns/op
OverheadWarmup   6: 64 op, 800.00 ns, 12.5000 ns/op

OverheadActual   1: 64 op, 1200.00 ns, 18.7500 ns/op
OverheadActual   2: 64 op, 1000.00 ns, 15.6250 ns/op
OverheadActual   3: 64 op, 1000.00 ns, 15.6250 ns/op
OverheadActual   4: 64 op, 900.00 ns, 14.0625 ns/op
OverheadActual   5: 64 op, 900.00 ns, 14.0625 ns/op
OverheadActual   6: 64 op, 800.00 ns, 12.5000 ns/op
OverheadActual   7: 64 op, 800.00 ns, 12.5000 ns/op
OverheadActual   8: 64 op, 800.00 ns, 12.5000 ns/op
OverheadActual   9: 64 op, 800.00 ns, 12.5000 ns/op
OverheadActual  10: 64 op, 700.00 ns, 10.9375 ns/op
OverheadActual  11: 64 op, 800.00 ns, 12.5000 ns/op
OverheadActual  12: 64 op, 800.00 ns, 12.5000 ns/op
OverheadActual  13: 64 op, 800.00 ns, 12.5000 ns/op
OverheadActual  14: 64 op, 800.00 ns, 12.5000 ns/op
OverheadActual  15: 64 op, 700.00 ns, 10.9375 ns/op
OverheadActual  16: 64 op, 800.00 ns, 12.5000 ns/op
OverheadActual  17: 64 op, 800.00 ns, 12.5000 ns/op
OverheadActual  18: 64 op, 900.00 ns, 14.0625 ns/op
OverheadActual  19: 64 op, 800.00 ns, 12.5000 ns/op
OverheadActual  20: 64 op, 900.00 ns, 14.0625 ns/op

WorkloadWarmup   1: 64 op, 535831600.00 ns, 8.3724 ms/op
WorkloadWarmup   2: 64 op, 502338600.00 ns, 7.8490 ms/op
WorkloadWarmup   3: 64 op, 474971400.00 ns, 7.4214 ms/op
WorkloadWarmup   4: 64 op, 459166600.00 ns, 7.1745 ms/op
WorkloadWarmup   5: 64 op, 450070000.00 ns, 7.0323 ms/op
WorkloadWarmup   6: 64 op, 469773900.00 ns, 7.3402 ms/op
WorkloadWarmup   7: 64 op, 462037000.00 ns, 7.2193 ms/op
WorkloadWarmup   8: 64 op, 459752800.00 ns, 7.1836 ms/op
WorkloadWarmup   9: 64 op, 439085400.00 ns, 6.8607 ms/op
WorkloadWarmup  10: 64 op, 452477400.00 ns, 7.0700 ms/op
WorkloadWarmup  11: 64 op, 441846500.00 ns, 6.9039 ms/op

// BeforeActualRun
WorkloadActual   1: 64 op, 453598100.00 ns, 7.0875 ms/op
WorkloadActual   2: 64 op, 463310700.00 ns, 7.2392 ms/op
WorkloadActual   3: 64 op, 451117600.00 ns, 7.0487 ms/op
WorkloadActual   4: 64 op, 454321900.00 ns, 7.0988 ms/op
WorkloadActual   5: 64 op, 442697000.00 ns, 6.9171 ms/op
WorkloadActual   6: 64 op, 449869600.00 ns, 7.0292 ms/op
WorkloadActual   7: 64 op, 454208100.00 ns, 7.0970 ms/op
WorkloadActual   8: 64 op, 449442200.00 ns, 7.0225 ms/op
WorkloadActual   9: 64 op, 438128500.00 ns, 6.8458 ms/op
WorkloadActual  10: 64 op, 465257700.00 ns, 7.2697 ms/op
WorkloadActual  11: 64 op, 439915100.00 ns, 6.8737 ms/op
WorkloadActual  12: 64 op, 470658800.00 ns, 7.3540 ms/op
WorkloadActual  13: 64 op, 455577000.00 ns, 7.1184 ms/op
WorkloadActual  14: 64 op, 445881700.00 ns, 6.9669 ms/op
WorkloadActual  15: 64 op, 447418500.00 ns, 6.9909 ms/op

// AfterActualRun
WorkloadResult   1: 64 op, 453597300.00 ns, 7.0875 ms/op
WorkloadResult   2: 64 op, 463309900.00 ns, 7.2392 ms/op
WorkloadResult   3: 64 op, 451116800.00 ns, 7.0487 ms/op
WorkloadResult   4: 64 op, 454321100.00 ns, 7.0988 ms/op
WorkloadResult   5: 64 op, 442696200.00 ns, 6.9171 ms/op
WorkloadResult   6: 64 op, 449868800.00 ns, 7.0292 ms/op
WorkloadResult   7: 64 op, 454207300.00 ns, 7.0970 ms/op
WorkloadResult   8: 64 op, 449441400.00 ns, 7.0225 ms/op
WorkloadResult   9: 64 op, 438127700.00 ns, 6.8457 ms/op
WorkloadResult  10: 64 op, 465256900.00 ns, 7.2696 ms/op
WorkloadResult  11: 64 op, 439914300.00 ns, 6.8737 ms/op
WorkloadResult  12: 64 op, 455576200.00 ns, 7.1184 ms/op
WorkloadResult  13: 64 op, 445880900.00 ns, 6.9669 ms/op
WorkloadResult  14: 64 op, 447417700.00 ns, 6.9909 ms/op
// GC:  0 0 0 1330896 64
// Threading:  0 0 64

// AfterAll
// Benchmark Process 20064 has exited with code 0.

Mean = 7.043 ms, StdErr = 0.033 ms (0.47%), N = 14, StdDev = 0.123 ms
Min = 6.846 ms, Q1 = 6.973 ms, Median = 7.039 ms, Q3 = 7.098 ms, Max = 7.270 ms
IQR = 0.125 ms, LowerFence = 6.785 ms, UpperFence = 7.286 ms
ConfidenceInterval = [6.905 ms; 7.182 ms] (CI 99.9%), Margin = 0.139 ms (1.97% of Mean)
Skewness = 0.18, Kurtosis = 2.13, MValue = 2

// ** Remained 0 (0.0%) benchmark(s) to run. Estimated finish 2026-08-19 19:42 (0h 0m from now) **
Successfully reverted power plan (GUID: 381b4222-f694-41f0-9685-ff5bb260df2e FriendlyName: Balanced)
// ***** BenchmarkRunner: Finish  *****

// * Export *
  BenchmarkDotNet.Artifacts\results\UPA.Performance.Benchmarks.Scenarios.P03_05_ProjectScanBenchmarks-report.csv
  BenchmarkDotNet.Artifacts\results\UPA.Performance.Benchmarks.Scenarios.P03_05_ProjectScanBenchmarks-report-github.md
  BenchmarkDotNet.Artifacts\results\UPA.Performance.Benchmarks.Scenarios.P03_05_ProjectScanBenchmarks-report.html

// * Detailed results *
P03_05_ProjectScanBenchmarks.ScanProject: Job-IJPESX(IterationCount=5, LaunchCount=1, WarmupCount=3) [FileCount=10]
Runtime = .NET 8.0.30 (8.0.30, 8.0.3026.36720), X64 RyuJIT x86-64-v3; GC = Concurrent Workstation
Mean = 521.821 μs, StdErr = 3.709 μs (0.71%), N = 4, StdDev = 7.417 μs
Min = 512.385 μs, Q1 = 517.818 μs, Median = 522.962 μs, Q3 = 526.964 μs, Max = 528.975 μs
IQR = 9.146 μs, LowerFence = 504.099 μs, UpperFence = 540.683 μs
ConfidenceInterval = [473.892 μs; 569.750 μs] (CI 99.9%), Margin = 47.929 μs (9.18% of Mean)
Skewness = -0.24, Kurtosis = 0.91, MValue = 2
-------------------- Histogram --------------------
[506.252 μs ; 518.170 μs) | @
[518.170 μs ; 530.435 μs) | @@@
---------------------------------------------------

P03_05_ProjectScanBenchmarks.ScanProject: Job-OOTPKI(Toolchain=.NET 8.0) [FileCount=10]
Runtime = .NET 8.0.30 (8.0.30, 8.0.3026.36720), X64 RyuJIT x86-64-v3; GC = Concurrent Workstation
Mean = 524.574 μs, StdErr = 5.896 μs (1.12%), N = 100, StdDev = 58.960 μs
Min = 356.905 μs, Q1 = 519.277 μs, Median = 528.831 μs, Q3 = 561.142 μs, Max = 605.962 μs
IQR = 41.865 μs, LowerFence = 456.479 μs, UpperFence = 623.940 μs
ConfidenceInterval = [504.577 μs; 544.570 μs] (CI 99.9%), Margin = 19.996 μs (3.81% of Mean)
Skewness = -1.64, Kurtosis = 5.31, MValue = 2.11
-------------------- Histogram --------------------
[350.647 μs ; 383.991 μs) | @@@@@@@@@
[383.991 μs ; 410.085 μs) | @
[410.085 μs ; 447.424 μs) | 
[447.424 μs ; 480.769 μs) | @@
[480.769 μs ; 492.981 μs) | 
[492.981 μs ; 514.718 μs) | @@@@
[514.718 μs ; 555.422 μs) | @@@@@@@@@@@@@@@@@@@@@@@@@@@@@@@@@@@@@@@@@@@@@@@@@@@@@@@
[555.422 μs ; 588.766 μs) | @@@@@@@@@@@@@@@@@@@@@@@@
[588.766 μs ; 622.634 μs) | @@@@@
---------------------------------------------------

P03_05_ProjectScanBenchmarks.ScanProject: Job-IJPESX(IterationCount=5, LaunchCount=1, WarmupCount=3) [FileCount=1000]
Runtime = .NET 8.0.30 (8.0.30, 8.0.3026.36720), X64 RyuJIT x86-64-v3; GC = Concurrent Workstation
Mean = 1.638 ms, StdErr = 0.097 ms (5.93%), N = 5, StdDev = 0.217 ms
Min = 1.250 ms, Q1 = 1.710 ms, Median = 1.722 ms, Q3 = 1.748 ms, Max = 1.758 ms
IQR = 0.038 ms, LowerFence = 1.654 ms, UpperFence = 1.804 ms
ConfidenceInterval = [0.801 ms; 2.474 ms] (CI 99.9%), Margin = 0.837 ms (51.09% of Mean)
Skewness = -1.05, Kurtosis = 2.06, MValue = 2
-------------------- Histogram --------------------
[1.084 ms ; 1.417 ms) | @
[1.417 ms ; 1.567 ms) | 
[1.567 ms ; 1.925 ms) | @@@@
---------------------------------------------------

P03_05_ProjectScanBenchmarks.ScanProject: Job-OOTPKI(Toolchain=.NET 8.0) [FileCount=1000]
Runtime = .NET 8.0.30 (8.0.30, 8.0.3026.36720), X64 RyuJIT x86-64-v3; GC = Concurrent Workstation
Mean = 1.013 ms, StdErr = 0.005 ms (0.50%), N = 19, StdDev = 0.022 ms
Min = 0.976 ms, Q1 = 0.995 ms, Median = 1.015 ms, Q3 = 1.034 ms, Max = 1.042 ms
IQR = 0.039 ms, LowerFence = 0.936 ms, UpperFence = 1.093 ms
ConfidenceInterval = [0.994 ms; 1.033 ms] (CI 99.9%), Margin = 0.020 ms (1.96% of Mean)
Skewness = -0.19, Kurtosis = 1.41, MValue = 3.25
-------------------- Histogram --------------------
[0.965 ms ; 1.005 ms) | @@@@@@@@
[1.005 ms ; 1.026 ms) | @@@
[1.026 ms ; 1.047 ms) | @@@@@@@@
---------------------------------------------------

P03_05_ProjectScanBenchmarks.ScanProject: Job-IJPESX(IterationCount=5, LaunchCount=1, WarmupCount=3) [FileCount=10000]
Runtime = .NET 8.0.30 (8.0.30, 8.0.3026.36720), X64 RyuJIT x86-64-v3; GC = Concurrent Workstation
Mean = 7.033 ms, StdErr = 0.055 ms (0.79%), N = 5, StdDev = 0.124 ms
Min = 6.931 ms, Q1 = 6.953 ms, Median = 6.975 ms, Q3 = 7.074 ms, Max = 7.232 ms
IQR = 0.121 ms, LowerFence = 6.772 ms, UpperFence = 7.256 ms
ConfidenceInterval = [6.555 ms; 7.511 ms] (CI 99.9%), Margin = 0.478 ms (6.79% of Mean)
Skewness = 0.65, Kurtosis = 1.47, MValue = 2
-------------------- Histogram --------------------
[6.907 ms ; 7.137 ms) | @@@@
[7.137 ms ; 7.327 ms) | @
---------------------------------------------------

P03_05_ProjectScanBenchmarks.ScanProject: Job-OOTPKI(Toolchain=.NET 8.0) [FileCount=10000]
Runtime = .NET 8.0.30 (8.0.30, 8.0.3026.36720), X64 RyuJIT x86-64-v3; GC = Concurrent Workstation
Mean = 7.043 ms, StdErr = 0.033 ms (0.47%), N = 14, StdDev = 0.123 ms
Min = 6.846 ms, Q1 = 6.973 ms, Median = 7.039 ms, Q3 = 7.098 ms, Max = 7.270 ms
IQR = 0.125 ms, LowerFence = 6.785 ms, UpperFence = 7.286 ms
ConfidenceInterval = [6.905 ms; 7.182 ms] (CI 99.9%), Margin = 0.139 ms (1.97% of Mean)
Skewness = 0.18, Kurtosis = 2.13, MValue = 2
-------------------- Histogram --------------------
[6.837 ms ; 6.984 ms) | @@@@
[6.984 ms ; 7.182 ms) | @@@@@@@@
[7.182 ms ; 7.337 ms) | @@
---------------------------------------------------

// * Summary *

BenchmarkDotNet v0.15.8, Windows 10 (10.0.19045.6456/22H2/2022Update)
Intel Core i5-8350U CPU 1.70GHz (Max: 1.90GHz) (Kaby Lake R), 1 CPU, 8 logical and 4 physical cores
.NET SDK 8.0.424
  [Host]     : .NET 8.0.30 (8.0.30, 8.0.3026.36720), X64 RyuJIT x86-64-v3
  Job-IJPESX : .NET 8.0.30 (8.0.30, 8.0.3026.36720), X64 RyuJIT x86-64-v3
  Job-OOTPKI : .NET 8.0.30 (8.0.30, 8.0.3026.36720), X64 RyuJIT x86-64-v3


| Method      | Job        | Toolchain | IterationCount | LaunchCount | WarmupCount | FileCount | Mean       | Error     | StdDev    | Gen0   | Allocated |
|------------ |----------- |---------- |--------------- |------------ |------------ |---------- |-----------:|----------:|----------:|-------:|----------:|
| ScanProject | Job-IJPESX | Default   | 5              | 1           | 3           | 10        |   521.8 μs |  47.93 μs |   7.42 μs | 5.8594 |  20.28 KB |
| ScanProject | Job-OOTPKI | .NET 8.0  | Default        | Default     | Default     | 10        |   524.6 μs |  20.00 μs |  58.96 μs | 5.8594 |  20.28 KB |
| ScanProject | Job-IJPESX | Default   | 5              | 1           | 3           | 1000      | 1,637.6 μs | 836.66 μs | 217.28 μs | 5.8594 |  20.29 KB |
| ScanProject | Job-OOTPKI | .NET 8.0  | Default        | Default     | Default     | 1000      | 1,013.4 μs |  19.86 μs |  22.08 μs | 5.8594 |  20.29 KB |
| ScanProject | Job-IJPESX | Default   | 5              | 1           | 3           | 10000     | 7,033.1 μs | 477.66 μs | 124.05 μs |      - |  20.31 KB |
| ScanProject | Job-OOTPKI | .NET 8.0  | Default        | Default     | Default     | 10000     | 7,043.2 μs | 138.56 μs | 122.83 μs |      - |  20.31 KB |

// * Warnings *
MultimodalDistribution
  P03_05_ProjectScanBenchmarks.ScanProject: Toolchain=.NET 8.0 -> It seems that the distribution is bimodal (mValue = 3.25)

// * Hints *
Outliers
  P03_05_ProjectScanBenchmarks.ScanProject: IterationCount=5, LaunchCount=1, WarmupCount=3 -> 1 outlier  was  removed (575.84 μs)
  P03_05_ProjectScanBenchmarks.ScanProject: Toolchain=.NET 8.0                             -> 10 outliers were detected (356.91 μs..393.42 μs)
  P03_05_ProjectScanBenchmarks.ScanProject: IterationCount=5, LaunchCount=1, WarmupCount=3 -> 1 outlier  was  detected (1.25 ms)
  P03_05_ProjectScanBenchmarks.ScanProject: Toolchain=.NET 8.0                             -> 1 outlier  was  removed (7.35 ms)

// * Legends *
  FileCount : Value of the 'FileCount' parameter
  Mean      : Arithmetic mean of all measurements
  Error     : Half of 99.9% confidence interval
  StdDev    : Standard deviation of all measurements
  Gen0      : GC Generation 0 collects per 1000 operations
  Allocated : Allocated memory per single operation (managed only, inclusive, 1KB = 1024B)
  1 μs      : 1 Microsecond (0.000001 sec)

// * Diagnostic Output - MemoryDiagnoser *


// ***** BenchmarkRunner: End *****
Run time: 00:02:16 (136.88 sec), executed benchmarks: 6

Global total time: 00:02:58 (178.84 sec), executed benchmarks: 6
// * Artifacts cleanup *
Artifacts cleanup is finished
